Archive member included to satisfy reference by file (symbol)

/Applications/STM32CubeIDE.app/Contents/Eclipse/plugins/com.st.stm32cube.ide.mcu.externaltools.gnu-tools-for-stm32.13.3.rel1.macos64_1.0.100.202509120712/tools/bin/../lib/gcc/arm-none-eabi/13.3.1/../../../../arm-none-eabi/lib/thumb/v7e-m+fp/hard/libc_nano.a(libc_a-exit.o)
                              /Applications/STM32CubeIDE.app/Contents/Eclipse/plugins/com.st.stm32cube.ide.mcu.externaltools.gnu-tools-for-stm32.13.3.rel1.macos64_1.0.100.202509120712/tools/bin/../lib/gcc/arm-none-eabi/13.3.1/../../../../arm-none-eabi/lib/thumb/v7e-m+fp/hard/crt0.o (exit)
/Applications/STM32CubeIDE.app/Contents/Eclipse/plugins/com.st.stm32cube.ide.mcu.externaltools.gnu-tools-for-stm32.13.3.rel1.macos64_1.0.100.202509120712/tools/bin/../lib/gcc/arm-none-eabi/13.3.1/../../../../arm-none-eabi/lib/thumb/v7e-m+fp/hard/libc_nano.a(libc_a-findfp.o)
                              /Applications/STM32CubeIDE.app/Contents/Eclipse/plugins/com.st.stm32cube.ide.mcu.externaltools.gnu-tools-for-stm32.13.3.rel1.macos64_1.0.100.202509120712/tools/bin/../lib/gcc/arm-none-eabi/13.3.1/../../../../arm-none-eabi/lib/thumb/v7e-m+fp/hard/libc_nano.a(libc_a-exit.o) (__stdio_exit_handler)
/Applications/STM32CubeIDE.app/Contents/Eclipse/plugins/com.st.stm32cube.ide.mcu.externaltools.gnu-tools-for-stm32.13.3.rel1.macos64_1.0.100.202509120712/tools/bin/../lib/gcc/arm-none-eabi/13.3.1/../../../../arm-none-eabi/lib/thumb/v7e-m+fp/hard/libc_nano.a(libc_a-fwalk.o)
                              /Applications/STM32CubeIDE.app/Contents/Eclipse/plugins/com.st.stm32cube.ide.mcu.externaltools.gnu-tools-for-stm32.13.3.rel1.macos64_1.0.100.202509120712/tools/bin/../lib/gcc/arm-none-eabi/13.3.1/../../../../arm-none-eabi/lib/thumb/v7e-m+fp/hard/libc_nano.a(libc_a-findfp.o) (_fwalk_sglue)
/Applications/STM32CubeIDE.app/Contents/Eclipse/plugins/com.st.stm32cube.ide.mcu.externaltools.gnu-tools-for-stm32.13.3.rel1.macos64_1.0.100.202509120712/tools/bin/../lib/gcc/arm-none-eabi/13.3.1/../../../../arm-none-eabi/lib/thumb/v7e-m+fp/hard/libc_nano.a(libc_a-memset.o)
                              /Applications/STM32CubeIDE.app/Contents/Eclipse/plugins/com.st.stm32cube.ide.mcu.externaltools.gnu-tools-for-stm32.13.3.rel1.macos64_1.0.100.202509120712/tools/bin/../lib/gcc/arm-none-eabi/13.3.1/../../../../arm-none-eabi/lib/thumb/v7e-m+fp/hard/crt0.o (memset)
/Applications/STM32CubeIDE.app/Contents/Eclipse/plugins/com.st.stm32cube.ide.mcu.externaltools.gnu-tools-for-stm32.13.3.rel1.macos64_1.0.100.202509120712/tools/bin/../lib/gcc/arm-none-eabi/13.3.1/../../../../arm-none-eabi/lib/thumb/v7e-m+fp/hard/libc_nano.a(libc_a-errno.o)
                              ./Src/syscalls.o (__errno)
/Applications/STM32CubeIDE.app/Contents/Eclipse/plugins/com.st.stm32cube.ide.mcu.externaltools.gnu-tools-for-stm32.13.3.rel1.macos64_1.0.100.202509120712/tools/bin/../lib/gcc/arm-none-eabi/13.3.1/../../../../arm-none-eabi/lib/thumb/v7e-m+fp/hard/libc_nano.a(libc_a-init.o)
                              /Applications/STM32CubeIDE.app/Contents/Eclipse/plugins/com.st.stm32cube.ide.mcu.externaltools.gnu-tools-for-stm32.13.3.rel1.macos64_1.0.100.202509120712/tools/bin/../lib/gcc/arm-none-eabi/13.3.1/../../../../arm-none-eabi/lib/thumb/v7e-m+fp/hard/crt0.o (__libc_init_array)
/Applications/STM32CubeIDE.app/Contents/Eclipse/plugins/com.st.stm32cube.ide.mcu.externaltools.gnu-tools-for-stm32.13.3.rel1.macos64_1.0.100.202509120712/tools/bin/../lib/gcc/arm-none-eabi/13.3.1/../../../../arm-none-eabi/lib/thumb/v7e-m+fp/hard/libc_nano.a(libc_a-lock.o)
                              /Applications/STM32CubeIDE.app/Contents/Eclipse/plugins/com.st.stm32cube.ide.mcu.externaltools.gnu-tools-for-stm32.13.3.rel1.macos64_1.0.100.202509120712/tools/bin/../lib/gcc/arm-none-eabi/13.3.1/../../../../arm-none-eabi/lib/thumb/v7e-m+fp/hard/libc_nano.a(libc_a-findfp.o) (__retarget_lock_init_recursive)
/Applications/STM32CubeIDE.app/Contents/Eclipse/plugins/com.st.stm32cube.ide.mcu.externaltools.gnu-tools-for-stm32.13.3.rel1.macos64_1.0.100.202509120712/tools/bin/../lib/gcc/arm-none-eabi/13.3.1/../../../../arm-none-eabi/lib/thumb/v7e-m+fp/hard/libc_nano.a(libc_a-impure.o)
                              /Applications/STM32CubeIDE.app/Contents/Eclipse/plugins/com.st.stm32cube.ide.mcu.externaltools.gnu-tools-for-stm32.13.3.rel1.macos64_1.0.100.202509120712/tools/bin/../lib/gcc/arm-none-eabi/13.3.1/../../../../arm-none-eabi/lib/thumb/v7e-m+fp/hard/libc_nano.a(libc_a-errno.o) (_impure_ptr)
/Applications/STM32CubeIDE.app/Contents/Eclipse/plugins/com.st.stm32cube.ide.mcu.externaltools.gnu-tools-for-stm32.13.3.rel1.macos64_1.0.100.202509120712/tools/bin/../lib/gcc/arm-none-eabi/13.3.1/../../../../arm-none-eabi/lib/thumb/v7e-m+fp/hard/libc_nano.a(libc_a-mallocr.o)
[...]
Memory Configuration

Name             Origin             Length             Attributes
RAM              0x20000000         0x00020000         xrw
FLASH            0x08000000         0x00080000         xr
*default*        0x00000000         0xffffffff

Linker script and memory map

LOAD /Applications/STM32CubeIDE.app/Contents/Eclipse/plugins/com.st.stm32cube.ide.mcu.externaltools.gnu-tools-for-stm32.13.3.rel1.macos64_1.0.100.202509120712/tools/bin/../lib/gcc/arm-none-eabi/13.3.1/thumb/v7e-m+fp/hard/crti.o
LOAD /Applications/STM32CubeIDE.app/Contents/Eclipse/plugins/com.st.stm32cube.ide.mcu.externaltools.gnu-tools-for-stm32.13.3.rel1.macos64_1.0.100.202509120712/tools/bin/../lib/gcc/arm-none-eabi/13.3.1/thumb/v7e-m+fp/hard/crtbegin.o
LOAD /Applications/STM32CubeIDE.app/Contents/Eclipse/plugins/com.st.stm32cube.ide.mcu.externaltools.gnu-tools-for-stm32.13.3.rel1.macos64_1.0.100.202509120712/tools/bin/../lib/gcc/arm-none-eabi/13.3.1/../../../../arm-none-eabi/lib/thumb/v7e-m+fp/hard/crt0.o
LOAD ./Src/main.o
LOAD ./Src/syscalls.o
LOAD ./Src/sysmem.o
LOAD ./Startup/startup_stm32f411retx.o
START GROUP
LOAD /Applications/STM32CubeIDE.app/Contents/Eclipse/plugins/com.st.stm32cube.ide.mcu.externaltools.gnu-tools-for-stm32.13.3.rel1.macos64_1.0.100.202509120712/tools/bin/../lib/gcc/arm-none-eabi/13.3.1/../../../../arm-none-eabi/lib/thumb/v7e-m+fp/hard/libc_nano.a
LOAD /Applications/STM32CubeIDE.app/Contents/Eclipse/plugins/com.st.stm32cube.ide.mcu.externaltools.gnu-tools-for-stm32.13.3.rel1.macos64_1.0.100.202509120712/tools/bin/../lib/gcc/arm-none-eabi/13.3.1/../../../../arm-none-eabi/lib/thumb/v7e-m+fp/hard/libm.a
END GROUP
START GROUP
LOAD /Applications/STM32CubeIDE.app/Contents/Eclipse/plugins/com.st.stm32cube.ide.mcu.externaltools.gnu-tools-for-stm32.13.3.rel1.macos64_1.0.100.202509120712/tools/bin/../lib/gcc/arm-none-eabi/13.3.1/thumb/v7e-m+fp/hard/libgcc.a
LOAD /Applications/STM32CubeIDE.app/Contents/Eclipse/plugins/com.st.stm32cube.ide.mcu.externaltools.gnu-tools-for-stm32.13.3.rel1.macos64_1.0.100.202509120712/tools/bin/../lib/gcc/arm-none-eabi/13.3.1/../../../../arm-none-eabi/lib/thumb/v7e-m+fp/hard/libc_nano.a
END GROUP
START GROUP
LOAD /Applications/STM32CubeIDE.app/Contents/Eclipse/plugins/com.st.stm32cube.ide.mcu.externaltools.gnu-tools-for-stm32.13.3.rel1.macos64_1.0.100.202509120712/tools/bin/../lib/gcc/arm-none-eabi/13.3.1/thumb/v7e-m+fp/hard/libgcc.a
LOAD /Applications/STM32CubeIDE.app/Contents/Eclipse/plugins/com.st.stm32cube.ide.mcu.externaltools.gnu-tools-for-stm32.13.3.rel1.macos64_1.0.100.202509120712/tools/bin/../lib/gcc/arm-none-eabi/13.3.1/../../../../arm-none-eabi/lib/thumb/v7e-m+fp/hard/libc_nano.a
LOAD /Applications/STM32CubeIDE.app/Contents/Eclipse/plugins/com.st.stm32cube.ide.mcu.externaltools.gnu-tools-for-stm32.13.3.rel1.macos64_1.0.100.202509120712/tools/bin/../lib/gcc/arm-none-eabi/13.3.1/../../../../arm-none-eabi/lib/thumb/v7e-m+fp/hard/libnosys.a
END GROUP
START GROUP
LOAD /Applications/STM32CubeIDE.app/Contents/Eclipse/plugins/com.st.stm32cube.ide.mcu.externaltools.gnu-tools-for-stm32.13.3.rel1.macos64_1.0.100.202509120712/tools/bin/../lib/gcc/arm-none-eabi/13.3.1/thumb/v7e-m+fp/hard/libgcc.a
LOAD /Applications/STM32CubeIDE.app/Contents/Eclipse/plugins/com.st.stm32cube.ide.mcu.externaltools.gnu-tools-for-stm32.13.3.rel1.macos64_1.0.100.202509120712/tools/bin/../lib/gcc/arm-none-eabi/13.3.1/../../../../arm-none-eabi/lib/thumb/v7e-m+fp/hard/libc_nano.a
LOAD /Applications/STM32CubeIDE.app/Contents/Eclipse/plugins/com.st.stm32cube.ide.mcu.externaltools.gnu-tools-for-stm32.13.3.rel1.macos64_1.0.100.202509120712/tools/bin/../lib/gcc/arm-none-eabi/13.3.1/../../../../arm-none-eabi/lib/thumb/v7e-m+fp/hard/libnosys.a
END GROUP
LOAD /Applications/STM32CubeIDE.app/Contents/Eclipse/plugins/com.st.stm32cube.ide.mcu.externaltools.gnu-tools-for-stm32.13.3.rel1.macos64_1.0.100.202509120712/tools/bin/../lib/gcc/arm-none-eabi/13.3.1/thumb/v7e-m+fp/hard/crtend.o
LOAD /Applications/STM32CubeIDE.app/Contents/Eclipse/plugins/com.st.stm32cube.ide.mcu.externaltools.gnu-tools-for-stm32.13.3.rel1.macos64_1.0.100.202509120712/tools/bin/../lib/gcc/arm-none-eabi/13.3.1/thumb/v7e-m+fp/hard/crtn.o
                0x20020000                        _estack = (ORIGIN (RAM) + LENGTH (RAM))
                0x00000200                        _Min_Heap_Size = 0x200
                0x00000400                        _Min_Stack_Size = 0x400

.isr_vector     0x08000000      0x198
                0x08000000                        . = ALIGN (0x4)
 *(.isr_vector)
 .isr_vector    0x08000000      0x198 ./Startup/startup_stm32f411retx.o
                0x08000000                g_pfnVectors
                0x08000198                        . = ALIGN (0x4)

.text           0x08000198     0x1fcc
                0x08000198                        . = ALIGN (0x4)
 *(.text)
 .text          0x08000198       0x40 /Applications/STM32CubeIDE.app/Contents/Eclipse/plugins/com.st.stm32cube.ide.mcu.externaltools.gnu-tools-for-stm32.13.3.rel1.macos64_1.0.100.202509120712/tools/bin/../lib/gcc/arm-none-eabi/13.3.1/thumb/v7e-m+fp/hard/crtbegin.o
 *(.text*)
 .text.SystemInit
                0x080001d8       0x50 ./Src/main.o
                0x080001d8                SystemInit
 .text.delay_ms
                0x08000228       0x34 ./Src/main.o
                0x08000228                delay_ms
 .text.Optocoupler_Init
                0x0800025c      0x110 ./Src/main.o
                0x0800025c                Optocoupler_Init
 .text.Optocoupler_AllOff
                0x0800036c       0x34 ./Src/main.o
                0x0800036c                Optocoupler_AllOff
 .text.Optocoupler_Set
                0x080003a0       0x60 ./Src/main.o
                0x080003a0                Optocoupler_Set
 .text.Solenoid_Opto_Init
                0x08000400       0x5c ./Src/main.o
                0x08000400                Solenoid_Opto_Init
 .text.Solenoid_Opto_Off
                0x0800045c       0x1c ./Src/main.o
                0x0800045c                Solenoid_Opto_Off
 .text.Solenoid_Opto_On
                0x08000478       0x18 ./Src/main.o
                0x08000478                Solenoid_Opto_On
 .text.Solenoid_Opto_Pulse
                0x08000490       0x1e ./Src/main.o
                0x08000490                Solenoid_Opto_Pulse
 *fill*         0x080004ae        0x2 
 .text.HBridge_Opto_Init
                0x080004b0       0x98 ./Src/main.o
                0x080004b0                HBridge_Opto_Init
 .text.HBridge_Opto_Off
                0x08000548       0x24 ./Src/main.o
                0x08000548                HBridge_Opto_Off
 .text.HBridge_Opto1_On
                0x0800056c       0x1c ./Src/main.o
                0x0800056c                HBridge_Opto1_On
 .text.HBridge_Opto1_Off
                0x08000588       0x1c ./Src/main.o
                0x08000588                HBridge_Opto1_Off
 .text.HBridge_Opto2_On
                0x080005a4       0x1c ./Src/main.o
                0x080005a4                HBridge_Opto2_On
 .text.HBridge_Opto2_Off
                0x080005c0       0x1c ./Src/main.o
                0x080005c0                HBridge_Opto2_Off
 .text.HBridge_Opto1_Pulse
                0x080005dc       0x1e ./Src/main.o
                0x080005dc                HBridge_Opto1_Pulse
 .text.HBridge_Opto2_Pulse
                0x080005fa       0x1e ./Src/main.o
                0x080005fa                HBridge_Opto2_Pulse
 .text.HBridge_GenerateTone
                0x08000618       0x74 ./Src/main.o
                0x08000618                HBridge_GenerateTone
 .text.SoundEffect_Explosion
                0x0800068c       0x7e ./Src/main.o
                0x0800068c                SoundEffect_Explosion
 .text.SoundEffect_WarningSiren
                0x0800070a       0xe8 ./Src/main.o
                0x0800070a                SoundEffect_WarningSiren
 .text.SoundEffect_AlertBeep
                0x080007f2       0x1c ./Src/main.o
                0x080007f2                SoundEffect_AlertBeep
 *fill*         0x0800080e        0x2 
 .text.VibrationSensor_Init
                0x08000810      0x12c ./Src/main.o
                0x08000810                VibrationSensor_Init
 .text.Buzzer_Init
                0x0800093c       0x5c ./Src/main.o
                0x0800093c                Buzzer_Init
 .text.Buzzer_Off
                0x08000998       0x1c ./Src/main.o
                0x08000998                Buzzer_Off
 .text.VictoryTrumpet
                0x080009b4       0x6e ./Src/main.o
 .text.FlashMessageOnOff
                0x08000a22       0x76 ./Src/main.o
 .text.RunRandomVibrationEffect
                0x08000a98       0x66 ./Src/main.o
 *fill*         0x08000afe        0x2 
 .text.VibrationGame_ResetCounter
                0x08000b00       0x18 ./Src/main.o
                0x08000b00                VibrationGame_ResetCounter
 .text.VibrationGame_OnTrigger
                0x08000b18       0xb4 ./Src/main.o
 .text.EXTI0_IRQHandler
                0x08000bcc       0x48 ./Src/main.o
                0x08000bcc                EXTI0_IRQHandler
 .text.EXTI1_IRQHandler
                0x08000c14       0x48 ./Src/main.o
                0x08000c14                EXTI1_IRQHandler
 .text.EXTI2_IRQHandler
                0x08000c5c       0x48 ./Src/main.o
                0x08000c5c                EXTI2_IRQHandler
 .text.EXTI3_IRQHandler
                0x08000ca4       0x48 ./Src/main.o
                0x08000ca4                EXTI3_IRQHandler
 .text.Voice_GenerateVowel_PWM
                0x08000cec       0x90 ./Src/main.o
                0x08000cec                Voice_GenerateVowel_PWM
 .text.Voice_GenerateVowel_Sweep
                0x08000d7c       0xa4 ./Src/main.o
                0x08000d7c                Voice_GenerateVowel_Sweep
 .text.Voice_GenerateConsonant_PWM
                0x08000e20       0x1a ./Src/main.o
                0x08000e20                Voice_GenerateConsonant_PWM
 .text.Voice_Silence
                0x08000e3a       0x1a ./Src/main.o
                0x08000e3a                Voice_Silence
 .text.Voice_AnnounceTitle
                0x08000e54      0x1c8 ./Src/main.o
                0x08000e54                Voice_AnnounceTitle
 .text.Voice_AnnounceTitle_ThreeTimes
                0x0800101c       0x34 ./Src/main.o
                0x0800101c                Voice_AnnounceTitle_ThreeTimes
 .text.LED_Strobe_Init
                0x08001050      0x110 ./Src/main.o
                0x08001050                LED_Strobe_Init
 .text.LED_Strobe_AllOff
                0x08001160       0x34 ./Src/main.o
                0x08001160                LED_Strobe_AllOff
 .text.LED_Strobe_Chaser
                0x08001194       0xa0 ./Src/main.o
                0x08001194                LED_Strobe_Chaser
 .text.LED_Sine_Init
                0x08001234      0x130 ./Src/main.o
                0x08001234                LED_Sine_Init
 .text.LED_Sine_AllOff
                0x08001364       0x3c ./Src/main.o
 .text.LED_Sine_On
                0x080013a0       0x64 ./Src/main.o
 .text.LED_Sine_Off
                0x08001404       0x68 ./Src/main.o
 .text.LED_SineBrightnessPulse
                0x0800146c       0xd4 ./Src/main.o
                0x0800146c                LED_SineBrightnessPulse
 .text.LED_SineBrightnessPulse_Random
                0x08001540       0x2c ./Src/main.o
                0x08001540                LED_SineBrightnessPulse_Random
 .text.Diagnostic_PB13_PB14_SolenoidTrigger
                0x0800156c      0x12c ./Src/main.o
                0x0800156c                Diagnostic_PB13_PB14_SolenoidTrigger
 .text.Diagnostic_TestOutputs
                0x08001698       0x9e ./Src/main.o
                0x08001698                Diagnostic_TestOutputs
 .text.Optocoupler_TestSequence
                0x08001736        0xc ./Src/main.o
                0x08001736                Optocoupler_TestSequence
 .text.delay_us
                0x08001742       0x2e ./Src/main.o
                0x08001742                delay_us
 .text.Speaker_Init
                0x08001770       0xbc ./Src/main.o
                0x08001770                Speaker_Init
 .text.Speaker_SetFrequency
                0x0800182c       0xa4 ./Src/main.o
                0x0800182c                Speaker_SetFrequency
 .text.Speaker_Stop
                0x080018d0       0x20 ./Src/main.o
                0x080018d0                Speaker_Stop
 .text.Teletype_Click
                0x080018f0       0x28 ./Src/main.o
                0x080018f0                Teletype_Click
 .text.Play_Katyusha
                0x08001918       0x68 ./Src/main.o
                0x08001918                Play_Katyusha
 .text.I2C1_Init
                0x08001980      0x110 ./Src/main.o
                0x08001980                I2C1_Init
 .text.I2C_WaitFlag
                0x08001a90       0x3c ./Src/main.o
 .text.I2C_Start
                0x08001acc       0x20 ./Src/main.o
 .text.I2C_Stop
                0x08001aec       0x20 ./Src/main.o
 .text.I2C_SendAddress
                0x08001b0c       0x44 ./Src/main.o
 .text.I2C_SendByte
                0x08001b50       0x2c ./Src/main.o
 .text.pcf8574_write
                0x08001b7c       0x30 ./Src/main.o
 .text.lcd_pulse_enable
                0x08001bac       0x3a ./Src/main.o
 .text.lcd_write4
                0x08001be6       0x22 ./Src/main.o
 .text.lcd_send
                0x08001c08       0x50 ./Src/main.o
 .text.lcd_cmd  0x08001c58       0x2e ./Src/main.o
 .text.lcd_data
                0x08001c86       0x1c ./Src/main.o
                0x08001c86                lcd_data
 .text.lcd_init
                0x08001ca2       0x80 ./Src/main.o
 *fill*         0x08001d22        0x2 
 .text.lcd_set_cursor
                0x08001d24       0x38 ./Src/main.o
                0x08001d24                lcd_set_cursor
 .text.lcd_print
                0x08001d5c       0x2a ./Src/main.o
                0x08001d5c                lcd_print
 .text.lcd_clear
                0x08001d86       0x14 ./Src/main.o
                0x08001d86                lcd_clear
 *fill*         0x08001d9a        0x2 
 .text.main     0x08001d9c      0x314 ./Src/main.o
                0x08001d9c                main
 .text.Reset_Handler
                0x080020b0       0x50 ./Startup/startup_stm32f411retx.o
                0x080020b0                Reset_Handler
 .text.Default_Handler
                0x08002100        0x2 ./Startup/startup_stm32f411retx.o
                0x08002100                DMA1_Stream3_IRQHandler
                0x08002100                DebugMon_Handler
                0x08002100                SPI4_IRQHandler
                0x08002100                TIM1_CC_IRQHandler
                0x08002100                DMA2_Stream5_IRQHandler
                0x08002100                HardFault_Handler
                0x08002100                DMA1_Stream5_IRQHandler
                0x08002100                SysTick_Handler
                0x08002100                PVD_IRQHandler
                0x08002100                SDIO_IRQHandler
                0x08002100                TAMP_STAMP_IRQHandler
                0x08002100                PendSV_Handler
                0x08002100                NMI_Handler
                0x08002100                TIM1_UP_TIM10_IRQHandler
                0x08002100                I2C3_ER_IRQHandler
                0x08002100                I2C2_EV_IRQHandler
                0x08002100                DMA1_Stream2_IRQHandler
                0x08002100                UsageFault_Handler
                0x08002100                DMA2_Stream2_IRQHandler
                0x08002100                SPI1_IRQHandler
                0x08002100                TIM1_BRK_TIM9_IRQHandler
                0x08002100                DMA2_Stream3_IRQHandler
                0x08002100                USART6_IRQHandler
                0x08002100                DMA2_Stream0_IRQHandler
                0x08002100                TIM4_IRQHandler
                0x08002100                I2C1_EV_IRQHandler
                0x08002100                DMA1_Stream6_IRQHandler
                0x08002100                DMA1_Stream1_IRQHandler
                0x08002100                TIM3_IRQHandler
                0x08002100                RCC_IRQHandler
                0x08002100                Default_Handler
                0x08002100                EXTI15_10_IRQHandler
                0x08002100                ADC_IRQHandler
                0x08002100                DMA1_Stream7_IRQHandler
                0x08002100                SPI5_IRQHandler
                0x08002100                TIM5_IRQHandler
                0x08002100                DMA2_Stream7_IRQHandler
                0x08002100                I2C3_EV_IRQHandler
                0x08002100                EXTI9_5_IRQHandler
                0x08002100                RTC_WKUP_IRQHandler
                0x08002100                SPI2_IRQHandler
                0x08002100                MemManage_Handler
                0x08002100                DMA1_Stream0_IRQHandler
                0x08002100                SVC_Handler
                0x08002100                EXTI4_IRQHandler
                0x08002100                WWDG_IRQHandler
                0x08002100                TIM2_IRQHandler
                0x08002100                OTG_FS_WKUP_IRQHandler
                0x08002100                TIM1_TRG_COM_TIM11_IRQHandler
                0x08002100                USART2_IRQHandler
                0x08002100                I2C2_ER_IRQHandler
                0x08002100                DMA2_Stream1_IRQHandler
                0x08002100                FLASH_IRQHandler
                0x08002100                DMA2_Stream4_IRQHandler
                0x08002100                BusFault_Handler
                0x08002100                USART1_IRQHandler
                0x08002100                OTG_FS_IRQHandler
                0x08002100                SPI3_IRQHandler
                0x08002100                DMA1_Stream4_IRQHandler
                0x08002100                I2C1_ER_IRQHandler
                0x08002100                DMA2_Stream6_IRQHandler
                0x08002100                RTC_Alarm_IRQHandler
 *fill*         0x08002102        0x2 
 .text.__libc_init_array
                0x08002104       0x48 /Applications/STM32CubeIDE.app/Contents/Eclipse/plugins/com.st.stm32cube.ide.mcu.externaltools.gnu-tools-for-stm32.13.3.rel1.macos64_1.0.100.202509120712/tools/bin/../lib/gcc/arm-none-eabi/13.3.1/../../../../arm-none-eabi/lib/thumb/v7e-m+fp/hard/libc_nano.a(libc_a-init.o)
                0x08002104                __libc_init_array
 *(.glue_7)
 .glue_7        0x0800214c        0x0 linker stubs
 *(.glue_7t)
 .glue_7t       0x0800214c        0x0 linker stubs
 *(.eh_frame)
 .eh_frame      0x0800214c        0x0 /Applications/STM32CubeIDE.app/Contents/Eclipse/plugins/com.st.stm32cube.ide.mcu.externaltools.gnu-tools-for-stm32.13.3.rel1.macos64_1.0.100.202509120712/tools/bin/../lib/gcc/arm-none-eabi/13.3.1/thumb/v7e-m+fp/hard/crtbegin.o
 *(.init)
 .init          0x0800214c        0x4 /Applications/STM32CubeIDE.app/Contents/Eclipse/plugins/com.st.stm32cube.ide.mcu.externaltools.gnu-tools-for-stm32.13.3.rel1.macos64_1.0.100.202509120712/tools/bin/../lib/gcc/arm-none-eabi/13.3.1/thumb/v7e-m+fp/hard/crti.o
                0x0800214c                _init
 .init          0x08002150        0x8 /Applications/STM32CubeIDE.app/Contents/Eclipse/plugins/com.st.stm32cube.ide.mcu.externaltools.gnu-tools-for-stm32.13.3.rel1.macos64_1.0.100.202509120712/tools/bin/../lib/gcc/arm-none-eabi/13.3.1/thumb/v7e-m+fp/hard/crtn.o
 *(.fini)
 .fini          0x08002158        0x4 /Applications/STM32CubeIDE.app/Contents/Eclipse/plugins/com.st.stm32cube.ide.mcu.externaltools.gnu-tools-for-stm32.13.3.rel1.macos64_1.0.100.202509120712/tools/bin/../lib/gcc/arm-none-eabi/13.3.1/thumb/v7e-m+fp/hard/crti.o
                0x08002158                _fini
 .fini          0x0800215c        0x8 /Applications/STM32CubeIDE.app/Contents/Eclipse/plugins/com.st.stm32cube.ide.mcu.externaltools.gnu-tools-for-stm32.13.3.rel1.macos64_1.0.100.202509120712/tools/bin/../lib/gcc/arm-none-eabi/13.3.1/thumb/v7e-m+fp/hard/crtn.o
                0x08002164                        . = ALIGN (0x4)
                0x08002164                        _etext = .

.vfp11_veneer   0x08002164        0x0
 .vfp11_veneer  0x08002164        0x0 linker stubs

.v4_bx          0x08002164        0x0
 .v4_bx         0x08002164        0x0 linker stubs

.iplt           0x08002164        0x0
 .iplt          0x08002164        0x0 /Applications/STM32CubeIDE.app/Contents/Eclipse/plugins/com.st.stm32cube.ide.mcu.externaltools.gnu-tools-for-stm32.13.3.rel1.macos64_1.0.100.202509120712/tools/bin/../lib/gcc/arm-none-eabi/13.3.1/thumb/v7e-m+fp/hard/crtbegin.o

.rodata         0x08002164     0x1058
                0x08002164                        . = ALIGN (0x4)
 *(.rodata)
 .rodata        0x08002164       0xf8 ./Src/main.o
 *(.rodata*)
 .rodata.katusha_melody
                0x0800225c      0x190 ./Src/main.o
 .rodata.story_text
                0x080023ec      0xdcb ./Src/main.o
 *fill*         0x080031b7        0x1 
 .rodata.row_offsets.5
                0x080031b8        0x4 ./Src/main.o
                0x080031bc                        . = ALIGN (0x4)

.ARM.extab      0x080031bc        0x0
                0x080031bc                        . = ALIGN (0x4)
 *(.ARM.extab* .gnu.linkonce.armextab.*)
                0x080031bc                        . = ALIGN (0x4)

.ARM            0x080031bc        0x0
                0x080031bc                        . = ALIGN (0x4)
                0x080031bc                        __exidx_start = .
 *(.ARM.exidx*)
                0x080031bc                        __exidx_end = .
                0x080031bc                        . = ALIGN (0x4)

.preinit_array  0x080031bc        0x0
                0x080031bc                        . = ALIGN (0x4)
                0x080031bc                        PROVIDE (__preinit_array_start = .)
 *(.preinit_array*)
                0x080031bc                        PROVIDE (__preinit_array_end = .)
                0x080031bc                        . = ALIGN (0x4)

.init_array     0x080031bc        0x4
                0x080031bc                        . = ALIGN (0x4)
                0x080031bc                        PROVIDE (__init_array_start = .)
 *(SORT_BY_NAME(.init_array.*))
 *(.init_array*)
 .init_array    0x080031bc        0x4 /Applications/STM32CubeIDE.app/Contents/Eclipse/plugins/com.st.stm32cube.ide.mcu.externaltools.gnu-tools-for-stm32.13.3.rel1.macos64_1.0.100.202509120712/tools/bin/../lib/gcc/arm-none-eabi/13.3.1/thumb/v7e-m+fp/hard/crtbegin.o
                0x080031c0                        PROVIDE (__init_array_end = .)
                0x080031c0                        . = ALIGN (0x4)

.fini_array     0x080031c0        0x4
                0x080031c0                        . = ALIGN (0x4)
                [!provide]                        PROVIDE (__fini_array_start = .)
 *(SORT_BY_NAME(.fini_array.*))
 *(.fini_array*)
 .fini_array    0x080031c0        0x4 /Applications/STM32CubeIDE.app/Contents/Eclipse/plugins/com.st.stm32cube.ide.mcu.externaltools.gnu-tools-for-stm32.13.3.rel1.macos64_1.0.100.202509120712/tools/bin/../lib/gcc/arm-none-eabi/13.3.1/thumb/v7e-m+fp/hard/crtbegin.o
                [!provide]                        PROVIDE (__fini_array_end = .)
                0x080031c4                        . = ALIGN (0x4)
                0x080031c4                        _sidata = LOADADDR (.data)

.rel.dyn        0x080031c4        0x0
 .rel.iplt      0x080031c4        0x0 /Applications/STM32CubeIDE.app/Contents/Eclipse/plugins/com.st.stm32cube.ide.mcu.externaltools.gnu-tools-for-stm32.13.3.rel1.macos64_1.0.100.202509120712/tools/bin/../lib/gcc/arm-none-eabi/13.3.1/thumb/v7e-m+fp/hard/crtbegin.o

.data           0x20000000        0x0 load address 0x080031c4
                0x20000000                        . = ALIGN (0x4)
                0x20000000                        _sdata = .
 *(.data)
 *(.data*)
 *(.RamFunc)
 *(.RamFunc*)
                0x20000000                        . = ALIGN (0x4)
                0x20000000                        _edata = .

.igot.plt       0x20000000        0x0 load address 0x080031c4
 .igot.plt      0x20000000        0x0 /Applications/STM32CubeIDE.app/Contents/Eclipse/plugins/com.st.stm32cube.ide.mcu.externaltools.gnu-tools-for-stm32.13.3.rel1.macos64_1.0.100.202509120712/tools/bin/../lib/gcc/arm-none-eabi/13.3.1/thumb/v7e-m+fp/hard/crtbegin.o
                0x20000000                        . = ALIGN (0x4)

.bss            0x20000000       0x28 load address 0x080031c4
                0x20000000                        _sbss = .
                0x20000000                        __bss_start__ = _sbss
 *(.bss)
 .bss           0x20000000       0x1c /Applications/STM32CubeIDE.app/Contents/Eclipse/plugins/com.st.stm32cube.ide.mcu.externaltools.gnu-tools-for-stm32.13.3.rel1.macos64_1.0.100.202509120712/tools/bin/../lib/gcc/arm-none-eabi/13.3.1/thumb/v7e-m+fp/hard/crtbegin.o
 *(.bss*)
 .bss.vibration_sensor_flags
                0x2000001c        0x1 ./Src/main.o
 .bss.vibration_effect_counter
                0x2000001d        0x1 ./Src/main.o
 *fill*         0x2000001e        0x2 
 .bss.vibration_cooldown_chars
                0x20000020        0x4 ./Src/main.o
                0x20000020                vibration_cooldown_chars
 .bss.vibration_trigger_pending
                0x20000024        0x1 ./Src/main.o
                0x20000024                vibration_trigger_pending
 .bss.vibration_trigger_sensor_num
                0x20000025        0x1 ./Src/main.o
                0x20000025                vibration_trigger_sensor_num
 .bss.led_sine_rand_sel
                0x20000026        0x1 ./Src/main.o
 *(COMMON)
                0x20000028                        . = ALIGN (0x4)
 *fill*         0x20000027        0x1 
                0x20000028                        _ebss = .
                0x20000028                        __bss_end__ = _ebss

._user_heap_stack
                0x20000028      0x600 load address 0x080031c4
                0x20000028                        . = ALIGN (0x8)
                [!provide]                        PROVIDE (end = .)
                0x20000028                        PROVIDE (_end = .)
                0x20000228                        . = (. + _Min_Heap_Size)
 *fill*         0x20000028      0x200 
                0x20000628                        . = (. + _Min_Stack_Size)
 *fill*         0x20000228      0x400 
                0x20000628                        . = ALIGN (0x8)

/DISCARD/
 libc.a(*)
 libm.a(*)
 libgcc.a(*)

.ARM.attributes
                0x00000000       0x30
 *(.ARM.attributes)
 .ARM.attributes
                0x00000000       0x22 /Applications/STM32CubeIDE.app/Contents/Eclipse/plugins/com.st.stm32cube.ide.mcu.externaltools.gnu-tools-for-stm32.13.3.rel1.macos64_1.0.100.202509120712/tools/bin/../lib/gcc/arm-none-eabi/13.3.1/thumb/v7e-m+fp/hard/crti.o
 .ARM.attributes
                0x00000022       0x34 /Applications/STM32CubeIDE.app/Contents/Eclipse/plugins/com.st.stm32cube.ide.mcu.externaltools.gnu-tools-for-stm32.13.3.rel1.macos64_1.0.100.202509120712/tools/bin/../lib/gcc/arm-none-eabi/13.3.1/thumb/v7e-m+fp/hard/crtbegin.o
 .ARM.attributes
                0x00000056       0x34 ./Src/main.o
 .ARM.attributes
                0x0000008a       0x21 ./Startup/startup_stm32f411retx.o
 .ARM.attributes
                0x000000ab       0x34 /Applications/STM32CubeIDE.app/Contents/Eclipse/plugins/com.st.stm32cube.ide.mcu.externaltools.gnu-tools-for-stm32.13.3.rel1.macos64_1.0.100.202509120712/tools/bin/../lib/gcc/arm-none-eabi/13.3.1/../../../../arm-none-eabi/lib/thumb/v7e-m+fp/hard/libc_nano.a(libc_a-init.o)
 .ARM.attributes
                0x000000df       0x22 /Applications/STM32CubeIDE.app/Contents/Eclipse/plugins/com.st.stm32cube.ide.mcu.externaltools.gnu-tools-for-stm32.13.3.rel1.macos64_1.0.100.202509120712/tools/bin/../lib/gcc/arm-none-eabi/13.3.1/thumb/v7e-m+fp/hard/crtn.o
OUTPUT(LCDAbuse.elf elf32-littlearm)
LOAD linker stubs
LOAD /Applications/STM32CubeIDE.app/Contents/Eclipse/plugins/com.st.stm32cube.ide.mcu.externaltools.gnu-tools-for-stm32.13.3.rel1.macos64_1.0.100.202509120712/tools/bin/../lib/gcc/arm-none-eabi/13.3.1/../../../../arm-none-eabi/lib/thumb/v7e-m+fp/hard/libc.a
LOAD /Applications/STM32CubeIDE.app/Contents/Eclipse/plugins/com.st.stm32cube.ide.mcu.externaltools.gnu-tools-for-stm32.13.3.rel1.macos64_1.0.100.202509120712/tools/bin/../lib/gcc/arm-none-eabi/13.3.1/../../../../arm-none-eabi/lib/thumb/v7e-m+fp/hard/libm.a
LOAD /Applications/STM32CubeIDE.app/Contents/Eclipse/plugins/com.st.stm32cube.ide.mcu.externaltools.gnu-tools-for-stm32.13.3.rel1.macos64_1.0.100.202509120712/tools/bin/../lib/gcc/arm-none-eabi/13.3.1/thumb/v7e-m+fp/hard/libgcc.a

.debug_info     0x00000000     0x1a33
 .debug_info    0x00000000     0x1a03 ./Src/main.o
 .debug_info    0x00001a03       0x30 ./Startup/startup_stm32f411retx.o

.debug_abbrev   0x00000000      0x2ad
 .debug_abbrev  0x00000000      0x289 ./Src/main.o
 .debug_abbrev  0x00000289       0x24 ./Startup/startup_stm32f411retx.o

.debug_aranges  0x00000000      0x2f0
 .debug_aranges
                0x00000000      0x2c8 ./Src/main.o
 .debug_aranges
                0x000002c8       0x28 ./Startup/startup_stm32f411retx.o

.debug_rnglists
                0x00000000      0x278
 .debug_rnglists
                0x00000000      0x25f ./Src/main.o
 .debug_rnglists
                0x0000025f       0x19 ./Startup/startup_stm32f411retx.o

.debug_macro    0x00000000     0x12e0
 .debug_macro   0x00000000      0x3b5 ./Src/main.o
 .debug_macro   0x000003b5      0xade ./Src/main.o
 .debug_macro   0x00000e93       0x22 ./Src/main.o
 .debug_macro   0x00000eb5       0x8e ./Src/main.o
 .debug_macro   0x00000f43       0x51 ./Src/main.o
 .debug_macro   0x00000f94      0x103 ./Src/main.o
 .debug_macro   0x00001097       0x6a ./Src/main.o
 .debug_macro   0x00001101      0x1df ./Src/main.o

.debug_line     0x00000000     0x1ad3
 .debug_line    0x00000000     0x1a58 ./Src/main.o
 .debug_line    0x00001a58       0x7b ./Startup/startup_stm32f411retx.o

.debug_str      0x00000000     0x5147
 .debug_str     0x00000000     0x5147 ./Src/main.o
                               0x52b2 (size before relaxing)
 .debug_str     0x00005147        0x0 ./Startup/startup_stm32f411retx.o
                                 0x89 (size before relaxing)

.comment        0x00000000       0x43
 .comment       0x00000000       0x43 ./Src/main.o
                                 0x44 (size before relaxing)

.debug_frame    0x00000000      0xb98
 .debug_frame   0x00000000      0xb6c ./Src/main.o
 .debug_frame   0x00000b6c       0x2c /Applications/STM32CubeIDE.app/Contents/Eclipse/plugins/com.st.stm32cube.ide.mcu.externaltools.gnu-tools-for-stm32.13.3.rel1.macos64_1.0.100.202509120712/tools/bin/../lib/gcc/arm-none-eabi/13.3.1/../../../../arm-none-eabi/lib/thumb/v7e-m+fp/hard/libc_nano.a(libc_a-init.o)

.debug_line_str
                0x00000000       0x6d
 .debug_line_str
                0x00000000       0x6d ./Startup/startup_stm32f411retx.o
