Archive member included to satisfy reference by file (symbol)

/Applications/STM32CubeIDE.app/Contents/Eclipse/plugins/com.st.stm32cube.ide.mcu.externaltools.gnu-tools-for-stm32.13.3.rel1.macos64_1.0.100.202509120712/tools/bin/../lib/gcc/arm-none-eabi/13.3.1/../../../../arm-none-eabi/lib/thumb/v7e-m+fp/hard/libc_nano.a(libc_a-exit.o)
                              /Applications/STM32CubeIDE.app/Contents/Eclipse/plugins/com.st.stm32cube.ide.mcu.externaltools.gnu-tools-for-stm32.13.3.rel1.macos64_1.0.100.202509120712/tools/bin/../lib/gcc/arm-none-eabi/13.3.1/../../../../arm-none-eabi/lib/thumb/v7e-m+fp/hard/crt0.o (exit)
/Applications/STM32CubeIDE.app/Contents/Eclipse/plugins/com.st.stm32cube.ide.mcu.externaltools.gnu-tools-for-stm32.13.3.rel1.macos64_1.0.100.202509120712/tools/bin/../lib/gcc/arm-none-eabi/13.3.1/../../../../arm-none-eabi/lib/thumb/v7e-m+fp/hard/libc_nano.a(libc_a-findfp.o)
                              /Applications/STM32CubeIDE.app/Contents/Eclipse/plugins/com.st.stm32cube.ide.mcu.externaltools.gnu-tools-for-stm32.13.3.rel1.macos64_1.0.100.202509120712/tools/bin/../lib/gcc/arm-none-eabi/13.3.1/../../../../arm-none-eabi/lib/thumb/v7e-m+fp/hard/libc_nano.a(libc_a-exit.o) (__stdio_exit_handler)
/Applications/STM32CubeIDE.app/Contents/Eclipse/plugins/com.st.stm32cube.ide.mcu.externaltools.gnu-tools-for-stm32.13.3.rel1.macos64_1.0.100.202509120712/tools/bin/../lib/gcc/arm-none-eabi/13.3.1/../../../../arm-none-eabi/lib/thumb/v7e-m+fp/hard/libc_nano.a(libc_a-fwalk.o)
                              /Applications/STM32CubeIDE.app/Contents/Eclipse/plugins/com.st.stm32cube.ide.mcu.externaltools.gnu-tools-for-stm32.13.3.rel1.macos64_1.0.100.202509120712/tools/bin/../lib/gcc/arm-none-eabi/13.3.1/../../../../arm-none-eabi/lib/thumb/v7e-m+fp/hard/libc_nano.a(libc_a-findfp.o) (_fwalk_sglue)
/Applications/STM32CubeIDE.app/Contents/Eclipse/plugins/com.st.stm32cube.ide.mcu.externaltools.gnu-tools-for-stm32.13.3.rel1.macos64_1.0.100.202509120712/tools/bin/../lib/gcc/arm-none-eabi/13.3.1/../../../../arm-none-eabi/lib/thumb/v7e-m+fp/hard/libc_nano.a(libc_a-memset.o)
                              /Applications/STM32CubeIDE.app/Contents/Eclipse/plugins/com.st.stm32cube.ide.mcu.externaltools.gnu-tools-for-stm32.13.3.rel1.macos64_1.0.100.202509120712/tools/bin/../lib/gcc/arm-none-eabi/13.3.1/../../../../arm-none-eabi/lib/thumb/v7e-m+fp/hard/crt0.o (memset)
/Applications/STM32CubeIDE.app/Contents/Eclipse/plugins/com.st.stm32cube.ide.mcu.externaltools.gnu-tools-for-stm32.13.3.rel1.macos64_1.0.100.202509120712/tools/bin/../lib/gcc/arm-none-eabi/13.3.1/../../../../arm-none-eabi/lib/thumb/v7e-m+fp/hard/libc_nano.a(libc_a-errno.o)
                              ./Src/syscalls.o (__errno)
/Applications/STM32CubeIDE.app/Contents/Eclipse/plugins/com.st.stm32cube.ide.mcu.externaltools.gnu-tools-for-stm32.13.3.rel1.macos64_1.0.100.202509120712/tools/bin/../lib/gcc/arm-none-eabi/13.3.1/../../../../arm-none-eabi/lib/thumb/v7e-m+fp/hard/libc_nano.a(libc_a-init.o)
                              /Applications/STM32CubeIDE.app/Contents/Eclipse/plugins/com.st.stm32cube.ide.mcu.externaltools.gnu-tools-for-stm32.13.3.rel1.macos64_1.0.100.202509120712/tools/bin/../lib/gcc/arm-none-eabi/13.3.1/../../../../arm-none-eabi/lib/thumb/v7e-m+fp/hard/crt0.o (__libc_init_array)
/Applications/STM32CubeIDE.app/Contents/Eclipse/plugins/com.st.stm32cube.ide.mcu.externaltools.gnu-tools-for-stm32.13.3.rel1.macos64_1.0.100.202509120712/tools/bin/../lib/gcc/arm-none-eabi/13.3.1/../../../../arm-none-eabi/lib/thumb/v7e-m+fp/hard/libc_nano.a(libc_a-lock.o)
                              /Applications/STM32CubeIDE.app/Contents/Eclipse/plugins/com.st.stm32cube.ide.mcu.externaltools.gnu-tools-for-stm32.13.3.rel1.macos64_1.0.100.202509120712/tools/bin/../lib/gcc/arm-none-eabi/13.3.1/../../../../arm-none-eabi/lib/thumb/v7e-m+fp/hard/libc_nano.a(libc_a-findfp.o) (__retarget_lock_init_recursive)
/Applications/STM32CubeIDE.app/Contents/Eclipse/plugins/com.st.stm32cube.ide.mcu.externaltools.gnu-tools-for-stm32.13.3.rel1.macos64_1.0.100.202509120712/tools/bin/../lib/gcc/arm-none-eabi/13.3.1/../../../../arm-none-eabi/lib/thumb/v7e-m+fp/hard/libc_nano.a(libc_a-impure.o)
                              /Applications/STM32CubeIDE.app/Contents/Eclipse/plugins/com.st.stm32cube.ide.mcu.externaltools.gnu-tools-for-stm32.13.3.rel1.macos64_1.0.100.202509120712/tools/bin/../lib/gcc/arm-none-eabi/13.3.1/../../../../arm-none-eabi/lib/thumb/v7e-m+fp/hard/libc_nano.a(libc_a-errno.o) (_impure_ptr)
/Applications/STM32CubeIDE.app/Contents/Eclipse/plugins/com.st.stm32cube.ide.mcu.externaltools.gnu-tools-for-stm32.13.3.rel1.macos64_1.0.100.202509120712/tools/bin/../lib/gcc/arm-none-eabi/13.3.1/../../../../arm-none-eabi/lib/thumb/v7e-m+fp/hard/libc_nano.a(libc_a-mallocr.o)
[...]
Memory Configuration

Name             Origin             Length             Attributes
RAM              0x20000000         0x00020000         xrw
FLASH            0x08000000         0x00080000         xr
*default*        0x00000000         0xffffffff

Linker script and memory map

LOAD /Applications/STM32CubeIDE.app/Contents/Eclipse/plugins/com.st.stm32cube.ide.mcu.externaltools.gnu-tools-for-stm32.13.3.rel1.macos64_1.0.100.202509120712/tools/bin/../lib/gcc/arm-none-eabi/13.3.1/thumb/v7e-m+fp/hard/crti.o
LOAD /Applications/STM32CubeIDE.app/Contents/Eclipse/plugins/com.st.stm32cube.ide.mcu.externaltools.gnu-tools-for-stm32.13.3.rel1.macos64_1.0.100.202509120712/tools/bin/../lib/gcc/arm-none-eabi/13.3.1/thumb/v7e-m+fp/hard/crtbegin.o
LOAD /Applications/STM32CubeIDE.app/Contents/Eclipse/plugins/com.st.stm32cube.ide.mcu.externaltools.gnu-tools-for-stm32.13.3.rel1.macos64_1.0.100.202509120712/tools/bin/../lib/gcc/arm-none-eabi/13.3.1/../../../../arm-none-eabi/lib/thumb/v7e-m+fp/hard/crt0.o
LOAD ./Src/main.o
LOAD ./Src/syscalls.o
LOAD ./Src/sysmem.o
LOAD ./Startup/startup_stm32f411retx.o
START GROUP
LOAD /Applications/STM32CubeIDE.app/Contents/Eclipse/plugins/com.st.stm32cube.ide.mcu.externaltools.gnu-tools-for-stm32.13.3.rel1.macos64_1.0.100.202509120712/tools/bin/../lib/gcc/arm-none-eabi/13.3.1/../../../../arm-none-eabi/lib/thumb/v7e-m+fp/hard/libc_nano.a
LOAD /Applications/STM32CubeIDE.app/Contents/Eclipse/plugins/com.st.stm32cube.ide.mcu.externaltools.gnu-tools-for-stm32.13.3.rel1.macos64_1.0.100.202509120712/tools/bin/../lib/gcc/arm-none-eabi/13.3.1/../../../../arm-none-eabi/lib/thumb/v7e-m+fp/hard/libm.a
END GROUP
START GROUP
LOAD /Applications/STM32CubeIDE.app/Contents/Eclipse/plugins/com.st.stm32cube.ide.mcu.externaltools.gnu-tools-for-stm32.13.3.rel1.macos64_1.0.100.202509120712/tools/bin/../lib/gcc/arm-none-eabi/13.3.1/thumb/v7e-m+fp/hard/libgcc.a
LOAD /Applications/STM32CubeIDE.app/Contents/Eclipse/plugins/com.st.stm32cube.ide.mcu.externaltools.gnu-tools-for-stm32.13.3.rel1.macos64_1.0.100.202509120712/tools/bin/../lib/gcc/arm-none-eabi/13.3.1/../../../../arm-none-eabi/lib/thumb/v7e-m+fp/hard/libc_nano.a
END GROUP
START GROUP
LOAD /Applications/STM32CubeIDE.app/Contents/Eclipse/plugins/com.st.stm32cube.ide.mcu.externaltools.gnu-tools-for-stm32.13.3.rel1.macos64_1.0.100.202509120712/tools/bin/../lib/gcc/arm-none-eabi/13.3.1/thumb/v7e-m+fp/hard/libgcc.a
LOAD /Applications/STM32CubeIDE.app/Contents/Eclipse/plugins/com.st.stm32cube.ide.mcu.externaltools.gnu-tools-for-stm32.13.3.rel1.macos64_1.0.100.202509120712/tools/bin/../lib/gcc/arm-none-eabi/13.3.1/../../../../arm-none-eabi/lib/thumb/v7e-m+fp/hard/libc_nano.a
LOAD /Applications/STM32CubeIDE.app/Contents/Eclipse/plugins/com.st.stm32cube.ide.mcu.externaltools.gnu-tools-for-stm32.13.3.rel1.macos64_1.0.100.202509120712/tools/bin/../lib/gcc/arm-none-eabi/13.3.1/../../../../arm-none-eabi/lib/thumb/v7e-m+fp/hard/libnosys.a
END GROUP
START GROUP
LOAD /Applications/STM32CubeIDE.app/Contents/Eclipse/plugins/com.st.stm32cube.ide.mcu.externaltools.gnu-tools-for-stm32.13.3.rel1.macos64_1.0.100.202509120712/tools/bin/../lib/gcc/arm-none-eabi/13.3.1/thumb/v7e-m+fp/hard/libgcc.a
LOAD /Applications/STM32CubeIDE.app/Contents/Eclipse/plugins/com.st.stm32cube.ide.mcu.externaltools.gnu-tools-for-stm32.13.3.rel1.macos64_1.0.100.202509120712/tools/bin/../lib/gcc/arm-none-eabi/13.3.1/../../../../arm-none-eabi/lib/thumb/v7e-m+fp/hard/libc_nano.a
LOAD /Applications/STM32CubeIDE.app/Contents/Eclipse/plugins/com.st.stm32cube.ide.mcu.externaltools.gnu-tools-for-stm32.13.3.rel1.macos64_1.0.100.202509120712/tools/bin/../lib/gcc/arm-none-eabi/13.3.1/../../../../arm-none-eabi/lib/thumb/v7e-m+fp/hard/libnosys.a
END GROUP
LOAD /Applications/STM32CubeIDE.app/Contents/Eclipse/plugins/com.st.stm32cube.ide.mcu.externaltools.gnu-tools-for-stm32.13.3.rel1.macos64_1.0.100.202509120712/tools/bin/../lib/gcc/arm-none-eabi/13.3.1/thumb/v7e-m+fp/hard/crtend.o
LOAD /Applications/STM32CubeIDE.app/Contents/Eclipse/plugins/com.st.stm32cube.ide.mcu.externaltools.gnu-tools-for-stm32.13.3.rel1.macos64_1.0.100.202509120712/tools/bin/../lib/gcc/arm-none-eabi/13.3.1/thumb/v7e-m+fp/hard/crtn.o
                0x20020000                        _estack = (ORIGIN (RAM) + LENGTH (RAM))
                0x00000200                        _Min_Heap_Size = 0x200
                0x00000400                        _Min_Stack_Size = 0x400

.isr_vector     0x08000000      0x198
                0x08000000                        . = ALIGN (0x4)
 *(.isr_vector)
 .isr_vector    0x08000000      0x198 ./Startup/startup_stm32f411retx.o
                0x08000000                g_pfnVectors
                0x08000198                        . = ALIGN (0x4)

.text           0x08000198     0x14e4
                0x08000198                        . = ALIGN (0x4)
 *(.text)
 .text          0x08000198       0x40 /Applications/STM32CubeIDE.app/Contents/Eclipse/plugins/com.st.stm32cube.ide.mcu.externaltools.gnu-tools-for-stm32.13.3.rel1.macos64_1.0.100.202509120712/tools/bin/../lib/gcc/arm-none-eabi/13.3.1/thumb/v7e-m+fp/hard/crtbegin.o
 *(.text*)
 .text.SystemInit
                0x080001d8       0x50 ./Src/main.o
                0x080001d8                SystemInit
 .text.delay_ms
                0x08000228       0x34 ./Src/main.o
                0x08000228                delay_ms
 .text.Optocoupler_Init
                0x0800025c      0x110 ./Src/main.o
                0x0800025c                Optocoupler_Init
 .text.Optocoupler_AllOff
                0x0800036c       0x34 ./Src/main.o
                0x0800036c                Optocoupler_AllOff
 .text.Optocoupler_Set
                0x080003a0       0x60 ./Src/main.o
                0x080003a0                Optocoupler_Set
 .text.Solenoid_Opto_Init
                0x08000400       0x5c ./Src/main.o
                0x08000400                Solenoid_Opto_Init
 .text.Solenoid_Opto_Off
                0x0800045c       0x1c ./Src/main.o
                0x0800045c                Solenoid_Opto_Off
 .text.Solenoid_Opto_On
                0x08000478       0x18 ./Src/main.o
                0x08000478                Solenoid_Opto_On
 .text.Solenoid_Opto_Pulse
                0x08000490       0x1e ./Src/main.o
                0x08000490                Solenoid_Opto_Pulse
 *fill*         0x080004ae        0x2 
 .text.HBridge_Opto_Init
                0x080004b0       0x98 ./Src/main.o
                0x080004b0                HBridge_Opto_Init
 .text.HBridge_Opto_Off
                0x08000548       0x24 ./Src/main.o
                0x08000548                HBridge_Opto_Off
 .text.HBridge_Opto1_On
                0x0800056c       0x1c ./Src/main.o
                0x0800056c                HBridge_Opto1_On
 .text.HBridge_Opto1_Off
                0x08000588       0x1c ./Src/main.o
                0x08000588                HBridge_Opto1_Off
 .text.HBridge_GenerateTone
                0x080005a4       0x74 ./Src/main.o
                0x080005a4                HBridge_GenerateTone
 .text.SoundEffect_Explosion
                0x08000618       0x7e ./Src/main.o
                0x08000618                SoundEffect_Explosion
 .text.SoundEffect_WarningSiren
                0x08000696       0xe8 ./Src/main.o
                0x08000696                SoundEffect_WarningSiren
 .text.SoundEffect_AlertBeep
                0x0800077e       0x1c ./Src/main.o
                0x0800077e                SoundEffect_AlertBeep
 *fill*         0x0800079a        0x2 
 .text.Voice_GenerateVowel_PWM
                0x0800079c       0xa8 ./Src/main.o
                0x0800079c                Voice_GenerateVowel_PWM
 .text.Voice_GenerateVowel_Sweep
                0x08000844       0xb4 ./Src/main.o
                0x08000844                Voice_GenerateVowel_Sweep
 .text.Voice_GenerateConsonant_PWM
                0x080008f8       0x1e ./Src/main.o
                0x080008f8                Voice_GenerateConsonant_PWM
 .text.Voice_Silence
                0x08000916       0x1a ./Src/main.o
                0x08000916                Voice_Silence
 .text.Voice_AnnounceTitle
                0x08000930      0x1c8 ./Src/main.o
                0x08000930                Voice_AnnounceTitle
 .text.Voice_AnnounceTitle_ThreeTimes
                0x08000af8       0x36 ./Src/main.o
                0x08000af8                Voice_AnnounceTitle_ThreeTimes
 *fill*         0x08000b2e        0x2 
 .text.LED_Strobe_Init
                0x08000b30      0x110 ./Src/main.o
                0x08000b30                LED_Strobe_Init
 .text.LED_Strobe_AllOff
                0x08000c40       0x34 ./Src/main.o
                0x08000c40                LED_Strobe_AllOff
 .text.LED_Strobe_AllOn
                0x08000c74       0x2c ./Src/main.o
                0x08000c74                LED_Strobe_AllOn
 .text.LED_Strobe_Flash
                0x08000ca0       0x44 ./Src/main.o
                0x08000ca0                LED_Strobe_Flash
 .text.Optocoupler_TestSequence
                0x08000ce4       0x6c ./Src/main.o
                0x08000ce4                Optocoupler_TestSequence
 .text.delay_us
                0x08000d50       0x2e ./Src/main.o
                0x08000d50                delay_us
 *fill*         0x08000d7e        0x2 
 .text.Speaker_Init
                0x08000d80       0xbc ./Src/main.o
                0x08000d80                Speaker_Init
 .text.Speaker_SetFrequency
                0x08000e3c       0xa4 ./Src/main.o
                0x08000e3c                Speaker_SetFrequency
 .text.Speaker_Stop
                0x08000ee0       0x20 ./Src/main.o
                0x08000ee0                Speaker_Stop
 .text.Teletype_Click
                0x08000f00       0x28 ./Src/main.o
                0x08000f00                Teletype_Click
 .text.Play_Katyusha
                0x08000f28       0x68 ./Src/main.o
                0x08000f28                Play_Katyusha
 .text.I2C1_Init
                0x08000f90      0x110 ./Src/main.o
                0x08000f90                I2C1_Init
 .text.I2C_WaitFlag
                0x080010a0       0x3c ./Src/main.o
 .text.I2C_Start
                0x080010dc       0x20 ./Src/main.o
 .text.I2C_Stop
                0x080010fc       0x20 ./Src/main.o
 .text.I2C_SendAddress
                0x0800111c       0x44 ./Src/main.o
 .text.I2C_SendByte
                0x08001160       0x2c ./Src/main.o
 .text.pcf8574_write
                0x0800118c       0x30 ./Src/main.o
 .text.lcd_pulse_enable
                0x080011bc       0x3a ./Src/main.o
 .text.lcd_write4
                0x080011f6       0x22 ./Src/main.o
 .text.lcd_send
                0x08001218       0x50 ./Src/main.o
 .text.lcd_cmd  0x08001268       0x2e ./Src/main.o
 .text.lcd_data
                0x08001296       0x1c ./Src/main.o
 .text.lcd_init
                0x080012b2       0x80 ./Src/main.o
 *fill*         0x08001332        0x2 
 .text.lcd_set_cursor
                0x08001334       0x38 ./Src/main.o
 .text.lcd_clear
                0x0800136c       0x14 ./Src/main.o
 .text.main     0x08001380      0x248 ./Src/main.o
                0x08001380                main
 .text.Reset_Handler
                0x080015c8       0x50 ./Startup/startup_stm32f411retx.o
                0x080015c8                Reset_Handler
 .text.Default_Handler
                0x08001618        0x2 ./Startup/startup_stm32f411retx.o
                0x08001618                DMA1_Stream3_IRQHandler
                0x08001618                EXTI2_IRQHandler
                0x08001618                DebugMon_Handler
                0x08001618                SPI4_IRQHandler
                0x08001618                TIM1_CC_IRQHandler
                0x08001618                DMA2_Stream5_IRQHandler
                0x08001618                HardFault_Handler
                0x08001618                DMA1_Stream5_IRQHandler
                0x08001618                SysTick_Handler
                0x08001618                PVD_IRQHandler
                0x08001618                SDIO_IRQHandler
                0x08001618                TAMP_STAMP_IRQHandler
                0x08001618                PendSV_Handler
                0x08001618                NMI_Handler
                0x08001618                EXTI3_IRQHandler
                0x08001618                TIM1_UP_TIM10_IRQHandler
                0x08001618                I2C3_ER_IRQHandler
                0x08001618                EXTI0_IRQHandler
                0x08001618                I2C2_EV_IRQHandler
                0x08001618                DMA1_Stream2_IRQHandler
                0x08001618                UsageFault_Handler
                0x08001618                DMA2_Stream2_IRQHandler
                0x08001618                SPI1_IRQHandler
                0x08001618                TIM1_BRK_TIM9_IRQHandler
                0x08001618                DMA2_Stream3_IRQHandler
                0x08001618                USART6_IRQHandler
                0x08001618                DMA2_Stream0_IRQHandler
                0x08001618                TIM4_IRQHandler
                0x08001618                I2C1_EV_IRQHandler
                0x08001618                DMA1_Stream6_IRQHandler
                0x08001618                DMA1_Stream1_IRQHandler
                0x08001618                TIM3_IRQHandler
                0x08001618                RCC_IRQHandler
                0x08001618                Default_Handler
                0x08001618                EXTI15_10_IRQHandler
                0x08001618                ADC_IRQHandler
                0x08001618                DMA1_Stream7_IRQHandler
                0x08001618                SPI5_IRQHandler
                0x08001618                TIM5_IRQHandler
                0x08001618                DMA2_Stream7_IRQHandler
                0x08001618                I2C3_EV_IRQHandler
                0x08001618                EXTI9_5_IRQHandler
                0x08001618                RTC_WKUP_IRQHandler
                0x08001618                SPI2_IRQHandler
                0x08001618                MemManage_Handler
                0x08001618                DMA1_Stream0_IRQHandler
                0x08001618                SVC_Handler
                0x08001618                EXTI4_IRQHandler
                0x08001618                WWDG_IRQHandler
                0x08001618                TIM2_IRQHandler
                0x08001618                OTG_FS_WKUP_IRQHandler
                0x08001618                TIM1_TRG_COM_TIM11_IRQHandler
                0x08001618                EXTI1_IRQHandler
                0x08001618                USART2_IRQHandler
                0x08001618                I2C2_ER_IRQHandler
                0x08001618                DMA2_Stream1_IRQHandler
                0x08001618                FLASH_IRQHandler
                0x08001618                DMA2_Stream4_IRQHandler
                0x08001618                BusFault_Handler
                0x08001618                USART1_IRQHandler
                0x08001618                OTG_FS_IRQHandler
                0x08001618                SPI3_IRQHandler
                0x08001618                DMA1_Stream4_IRQHandler
                0x08001618                I2C1_ER_IRQHandler
                0x08001618                DMA2_Stream6_IRQHandler
                0x08001618                RTC_Alarm_IRQHandler
 *fill*         0x0800161a        0x2 
 .text.__libc_init_array
                0x0800161c       0x48 /Applications/STM32CubeIDE.app/Contents/Eclipse/plugins/com.st.stm32cube.ide.mcu.externaltools.gnu-tools-for-stm32.13.3.rel1.macos64_1.0.100.202509120712/tools/bin/../lib/gcc/arm-none-eabi/13.3.1/../../../../arm-none-eabi/lib/thumb/v7e-m+fp/hard/libc_nano.a(libc_a-init.o)
                0x0800161c                __libc_init_array
 *(.glue_7)
 .glue_7        0x08001664        0x0 linker stubs
 *(.glue_7t)
 .glue_7t       0x08001664        0x0 linker stubs
 *(.eh_frame)
 .eh_frame      0x08001664        0x0 /Applications/STM32CubeIDE.app/Contents/Eclipse/plugins/com.st.stm32cube.ide.mcu.externaltools.gnu-tools-for-stm32.13.3.rel1.macos64_1.0.100.202509120712/tools/bin/../lib/gcc/arm-none-eabi/13.3.1/thumb/v7e-m+fp/hard/crtbegin.o
 *(.init)
 .init          0x08001664        0x4 /Applications/STM32CubeIDE.app/Contents/Eclipse/plugins/com.st.stm32cube.ide.mcu.externaltools.gnu-tools-for-stm32.13.3.rel1.macos64_1.0.100.202509120712/tools/bin/../lib/gcc/arm-none-eabi/13.3.1/thumb/v7e-m+fp/hard/crti.o
                0x08001664                _init
 .init          0x08001668        0x8 /Applications/STM32CubeIDE.app/Contents/Eclipse/plugins/com.st.stm32cube.ide.mcu.externaltools.gnu-tools-for-stm32.13.3.rel1.macos64_1.0.100.202509120712/tools/bin/../lib/gcc/arm-none-eabi/13.3.1/thumb/v7e-m+fp/hard/crtn.o
 *(.fini)
 .fini          0x08001670        0x4 /Applications/STM32CubeIDE.app/Contents/Eclipse/plugins/com.st.stm32cube.ide.mcu.externaltools.gnu-tools-for-stm32.13.3.rel1.macos64_1.0.100.202509120712/tools/bin/../lib/gcc/arm-none-eabi/13.3.1/thumb/v7e-m+fp/hard/crti.o
                0x08001670                _fini
 .fini          0x08001674        0x8 /Applications/STM32CubeIDE.app/Contents/Eclipse/plugins/com.st.stm32cube.ide.mcu.externaltools.gnu-tools-for-stm32.13.3.rel1.macos64_1.0.100.202509120712/tools/bin/../lib/gcc/arm-none-eabi/13.3.1/thumb/v7e-m+fp/hard/crtn.o
                0x0800167c                        . = ALIGN (0x4)
                0x0800167c                        _etext = .

.vfp11_veneer   0x0800167c        0x0
 .vfp11_veneer  0x0800167c        0x0 linker stubs

.v4_bx          0x0800167c        0x0
 .v4_bx         0x0800167c        0x0 linker stubs

.iplt           0x0800167c        0x0
 .iplt          0x0800167c        0x0 /Applications/STM32CubeIDE.app/Contents/Eclipse/plugins/com.st.stm32cube.ide.mcu.externaltools.gnu-tools-for-stm32.13.3.rel1.macos64_1.0.100.202509120712/tools/bin/../lib/gcc/arm-none-eabi/13.3.1/thumb/v7e-m+fp/hard/crtbegin.o

.rodata         0x0800167c      0xf60
                0x0800167c                        . = ALIGN (0x4)
 *(.rodata)
 *(.rodata*)
 .rodata.katusha_melody
                0x0800167c      0x190 ./Src/main.o
 .rodata.story_text
                0x0800180c      0xdcb ./Src/main.o
 *fill*         0x080025d7        0x1 
 .rodata.row_offsets.5
                0x080025d8        0x4 ./Src/main.o
                0x080025dc                        . = ALIGN (0x4)

.ARM.extab      0x080025dc        0x0
                0x080025dc                        . = ALIGN (0x4)
 *(.ARM.extab* .gnu.linkonce.armextab.*)
                0x080025dc                        . = ALIGN (0x4)

.ARM            0x080025dc        0x0
                0x080025dc                        . = ALIGN (0x4)
                0x080025dc                        __exidx_start = .
 *(.ARM.exidx*)
                0x080025dc                        __exidx_end = .
                0x080025dc                        . = ALIGN (0x4)

.preinit_array  0x080025dc        0x0
                0x080025dc                        . = ALIGN (0x4)
                0x080025dc                        PROVIDE (__preinit_array_start = .)
 *(.preinit_array*)
                0x080025dc                        PROVIDE (__preinit_array_end = .)
                0x080025dc                        . = ALIGN (0x4)

.init_array     0x080025dc        0x4
                0x080025dc                        . = ALIGN (0x4)
                0x080025dc                        PROVIDE (__init_array_start = .)
 *(SORT_BY_NAME(.init_array.*))
 *(.init_array*)
 .init_array    0x080025dc        0x4 /Applications/STM32CubeIDE.app/Contents/Eclipse/plugins/com.st.stm32cube.ide.mcu.externaltools.gnu-tools-for-stm32.13.3.rel1.macos64_1.0.100.202509120712/tools/bin/../lib/gcc/arm-none-eabi/13.3.1/thumb/v7e-m+fp/hard/crtbegin.o
                0x080025e0                        PROVIDE (__init_array_end = .)
                0x080025e0                        . = ALIGN (0x4)

.fini_array     0x080025e0        0x4
                0x080025e0                        . = ALIGN (0x4)
                [!provide]                        PROVIDE (__fini_array_start = .)
 *(SORT_BY_NAME(.fini_array.*))
 *(.fini_array*)
 .fini_array    0x080025e0        0x4 /Applications/STM32CubeIDE.app/Contents/Eclipse/plugins/com.st.stm32cube.ide.mcu.externaltools.gnu-tools-for-stm32.13.3.rel1.macos64_1.0.100.202509120712/tools/bin/../lib/gcc/arm-none-eabi/13.3.1/thumb/v7e-m+fp/hard/crtbegin.o
                [!provide]                        PROVIDE (__fini_array_end = .)
                0x080025e4                        . = ALIGN (0x4)
                0x080025e4                        _sidata = LOADADDR (.data)

.rel.dyn        0x080025e4        0x0
 .rel.iplt      0x080025e4        0x0 /Applications/STM32CubeIDE.app/Contents/Eclipse/plugins/com.st.stm32cube.ide.mcu.externaltools.gnu-tools-for-stm32.13.3.rel1.macos64_1.0.100.202509120712/tools/bin/../lib/gcc/arm-none-eabi/13.3.1/thumb/v7e-m+fp/hard/crtbegin.o

.data           0x20000000        0x0 load address 0x080025e4
                0x20000000                        . = ALIGN (0x4)
                0x20000000                        _sdata = .
 *(.data)
 *(.data*)
 *(.RamFunc)
 *(.RamFunc*)
                0x20000000                        . = ALIGN (0x4)
                0x20000000                        _edata = .

.igot.plt       0x20000000        0x0 load address 0x080025e4
 .igot.plt      0x20000000        0x0 /Applications/STM32CubeIDE.app/Contents/Eclipse/plugins/com.st.stm32cube.ide.mcu.externaltools.gnu-tools-for-stm32.13.3.rel1.macos64_1.0.100.202509120712/tools/bin/../lib/gcc/arm-none-eabi/13.3.1/thumb/v7e-m+fp/hard/crtbegin.o
                0x20000000                        . = ALIGN (0x4)

.bss            0x20000000       0x1c load address 0x080025e4
                0x20000000                        _sbss = .
                0x20000000                        __bss_start__ = _sbss
 *(.bss)
 .bss           0x20000000       0x1c /Applications/STM32CubeIDE.app/Contents/Eclipse/plugins/com.st.stm32cube.ide.mcu.externaltools.gnu-tools-for-stm32.13.3.rel1.macos64_1.0.100.202509120712/tools/bin/../lib/gcc/arm-none-eabi/13.3.1/thumb/v7e-m+fp/hard/crtbegin.o
 *(.bss*)
 *(COMMON)
                0x2000001c                        . = ALIGN (0x4)
                0x2000001c                        _ebss = .
                0x2000001c                        __bss_end__ = _ebss

._user_heap_stack
                0x2000001c      0x604 load address 0x080025e4
                0x20000020                        . = ALIGN (0x8)
 *fill*         0x2000001c        0x4 
                [!provide]                        PROVIDE (end = .)
                0x20000020                        PROVIDE (_end = .)
                0x20000220                        . = (. + _Min_Heap_Size)
 *fill*         0x20000020      0x200 
                0x20000620                        . = (. + _Min_Stack_Size)
 *fill*         0x20000220      0x400 
                0x20000620                        . = ALIGN (0x8)

/DISCARD/
 libc.a(*)
 libm.a(*)
 libgcc.a(*)

.ARM.attributes
                0x00000000       0x30
 *(.ARM.attributes)
 .ARM.attributes
                0x00000000       0x22 /Applications/STM32CubeIDE.app/Contents/Eclipse/plugins/com.st.stm32cube.ide.mcu.externaltools.gnu-tools-for-stm32.13.3.rel1.macos64_1.0.100.202509120712/tools/bin/../lib/gcc/arm-none-eabi/13.3.1/thumb/v7e-m+fp/hard/crti.o
 .ARM.attributes
                0x00000022       0x34 /Applications/STM32CubeIDE.app/Contents/Eclipse/plugins/com.st.stm32cube.ide.mcu.externaltools.gnu-tools-for-stm32.13.3.rel1.macos64_1.0.100.202509120712/tools/bin/../lib/gcc/arm-none-eabi/13.3.1/thumb/v7e-m+fp/hard/crtbegin.o
 .ARM.attributes
                0x00000056       0x34 ./Src/main.o
 .ARM.attributes
                0x0000008a       0x21 ./Startup/startup_stm32f411retx.o
 .ARM.attributes
                0x000000ab       0x34 /Applications/STM32CubeIDE.app/Contents/Eclipse/plugins/com.st.stm32cube.ide.mcu.externaltools.gnu-tools-for-stm32.13.3.rel1.macos64_1.0.100.202509120712/tools/bin/../lib/gcc/arm-none-eabi/13.3.1/../../../../arm-none-eabi/lib/thumb/v7e-m+fp/hard/libc_nano.a(libc_a-init.o)
 .ARM.attributes
                0x000000df       0x22 /Applications/STM32CubeIDE.app/Contents/Eclipse/plugins/com.st.stm32cube.ide.mcu.externaltools.gnu-tools-for-stm32.13.3.rel1.macos64_1.0.100.202509120712/tools/bin/../lib/gcc/arm-none-eabi/13.3.1/thumb/v7e-m+fp/hard/crtn.o
OUTPUT(LCDAbuse.elf elf32-littlearm)
LOAD linker stubs
LOAD /Applications/STM32CubeIDE.app/Contents/Eclipse/plugins/com.st.stm32cube.ide.mcu.externaltools.gnu-tools-for-stm32.13.3.rel1.macos64_1.0.100.202509120712/tools/bin/../lib/gcc/arm-none-eabi/13.3.1/../../../../arm-none-eabi/lib/thumb/v7e-m+fp/hard/libc.a
LOAD /Applications/STM32CubeIDE.app/Contents/Eclipse/plugins/com.st.stm32cube.ide.mcu.externaltools.gnu-tools-for-stm32.13.3.rel1.macos64_1.0.100.202509120712/tools/bin/../lib/gcc/arm-none-eabi/13.3.1/../../../../arm-none-eabi/lib/thumb/v7e-m+fp/hard/libm.a
LOAD /Applications/STM32CubeIDE.app/Contents/Eclipse/plugins/com.st.stm32cube.ide.mcu.externaltools.gnu-tools-for-stm32.13.3.rel1.macos64_1.0.100.202509120712/tools/bin/../lib/gcc/arm-none-eabi/13.3.1/thumb/v7e-m+fp/hard/libgcc.a

.debug_info     0x00000000     0x1231
 .debug_info    0x00000000     0x1201 ./Src/main.o
 .debug_info    0x00001201       0x30 ./Startup/startup_stm32f411retx.o

.debug_abbrev   0x00000000      0x303
 .debug_abbrev  0x00000000      0x2df ./Src/main.o
 .debug_abbrev  0x000002df       0x24 ./Startup/startup_stm32f411retx.o

.debug_aranges  0x00000000      0x220
 .debug_aranges
                0x00000000      0x1f8 ./Src/main.o
 .debug_aranges
                0x000001f8       0x28 ./Startup/startup_stm32f411retx.o

.debug_rnglists
                0x00000000      0x1b8
 .debug_rnglists
                0x00000000      0x19f ./Src/main.o
 .debug_rnglists
                0x0000019f       0x19 ./Startup/startup_stm32f411retx.o

.debug_macro    0x00000000     0x11fb
 .debug_macro   0x00000000      0x2d0 ./Src/main.o
 .debug_macro   0x000002d0      0xade ./Src/main.o
 .debug_macro   0x00000dae       0x22 ./Src/main.o
 .debug_macro   0x00000dd0       0x8e ./Src/main.o
 .debug_macro   0x00000e5e       0x51 ./Src/main.o
 .debug_macro   0x00000eaf      0x103 ./Src/main.o
 .debug_macro   0x00000fb2       0x6a ./Src/main.o
 .debug_macro   0x0000101c      0x1df ./Src/main.o

.debug_line     0x00000000     0x1385
 .debug_line    0x00000000     0x130a ./Src/main.o
 .debug_line    0x0000130a       0x7b ./Startup/startup_stm32f411retx.o

.debug_str      0x00000000     0x4af5
 .debug_str     0x00000000     0x4af5 ./Src/main.o
                               0x4c55 (size before relaxing)
 .debug_str     0x00004af5        0x0 ./Startup/startup_stm32f411retx.o
                                 0x89 (size before relaxing)

.comment        0x00000000       0x43
 .comment       0x00000000       0x43 ./Src/main.o
                                 0x44 (size before relaxing)

.debug_frame    0x00000000      0x82c
 .debug_frame   0x00000000      0x800 ./Src/main.o
 .debug_frame   0x00000800       0x2c /Applications/STM32CubeIDE.app/Contents/Eclipse/plugins/com.st.stm32cube.ide.mcu.externaltools.gnu-tools-for-stm32.13.3.rel1.macos64_1.0.100.202509120712/tools/bin/../lib/gcc/arm-none-eabi/13.3.1/../../../../arm-none-eabi/lib/thumb/v7e-m+fp/hard/libc_nano.a(libc_a-init.o)

.debug_line_str
                0x00000000       0x6d
 .debug_line_str
                0x00000000       0x6d ./Startup/startup_stm32f411retx.o
