../Src/main.c:180:6:SystemInit	4	static
../Src/main.c:197:6:delay_ms	24	static,ignoring_inline_asm
../Src/main.c:209:6:Optocoupler_Init	8	static
../Src/main.c:248:6:Optocoupler_AllOff	4	static
../Src/main.c:260:6:Optocoupler_Set	16	static
../Src/main.c:288:6:Solenoid_Opto_Init	8	static
../Src/main.c:305:6:Solenoid_Opto_Off	4	static
../Src/main.c:311:6:Solenoid_Opto_On	4	static
../Src/main.c:318:6:Solenoid_Opto_Pulse	16	static
../Src/main.c:327:6:HBridge_Opto_Init	8	static
../Src/main.c:351:6:HBridge_Opto_Off	4	static
../Src/main.c:358:6:HBridge_Opto1_On	4	static
../Src/main.c:364:6:HBridge_Opto1_Off	4	static
../Src/main.c:370:6:HBridge_Opto2_On	4	static
../Src/main.c:376:6:HBridge_Opto2_Off	4	static
../Src/main.c:382:6:HBridge_Opto1_Pulse	16	static
../Src/main.c:390:6:HBridge_Opto2_Pulse	16	static
../Src/main.c:400:6:HBridge_GenerateTone	32	static
../Src/main.c:423:6:SoundEffect_Explosion	32	static
../Src/main.c:455:6:SoundEffect_WarningSiren	64	static
../Src/main.c:493:6:SoundEffect_AlertBeep	8	static
../Src/main.c:507:6:Voice_GenerateVowel_PWM	40	static
../Src/main.c:540:6:Voice_GenerateVowel_Sweep	48	static
../Src/main.c:561:6:Voice_GenerateConsonant_PWM	16	static
../Src/main.c:567:6:Voice_Silence	16	static
../Src/main.c:576:6:Voice_AnnounceTitle	24	static
../Src/main.c:674:6:Voice_AnnounceTitle_ThreeTimes	16	static
../Src/main.c:689:6:LED_Strobe_Init	8	static
../Src/main.c:728:6:LED_Strobe_AllOff	4	static
../Src/main.c:738:6:LED_Strobe_AllOn	4	static
../Src/main.c:748:6:LED_Strobe_Flash	24	static
../Src/main.c:766:6:Optocoupler_TestSequence	8	static
../Src/main.c:798:6:delay_us	24	static,ignoring_inline_asm
../Src/main.c:811:6:Speaker_Init	8	static
../Src/main.c:845:6:Speaker_SetFrequency	32	static
../Src/main.c:877:6:Speaker_Stop	4	static
../Src/main.c:885:6:Teletype_Click	8	static
../Src/main.c:1028:6:Play_Katyusha	16	static
../Src/main.c:1053:6:I2C1_Init	8	static
../Src/main.c:1093:13:I2C_WaitFlag	24	static
../Src/main.c:1100:13:I2C_Start	8	static
../Src/main.c:1107:13:I2C_Stop	4	static
../Src/main.c:1113:13:I2C_SendAddress	24	static
../Src/main.c:1122:13:I2C_SendByte	16	static
../Src/main.c:1130:13:pcf8574_write	16	static
../Src/main.c:1140:13:lcd_pulse_enable	16	static
../Src/main.c:1149:13:lcd_write4	16	static
../Src/main.c:1156:13:lcd_send	24	static
../Src/main.c:1167:13:lcd_cmd	16	static
../Src/main.c:1174:13:lcd_data	16	static
../Src/main.c:1180:13:lcd_init	16	static
../Src/main.c:1205:13:lcd_set_cursor	16	static
../Src/main.c:1212:13:lcd_print	16	static
../Src/main.c:1218:13:lcd_clear_line	24	static
../Src/main.c:1229:13:lcd_scroll_up	8	static
../Src/main.c:1242:13:lcd_clear	8	static
../Src/main.c:1249:13:lcd_stream_text	24	static
../Src/main.c:1313:13:lcd_stream_continuous	40	static
../Src/main.c:1401:13:lcd_stream_simple	24	static
../Src/main.c:1517:5:main	32	static
