../Src/main.c:180:6:SystemInit	4	static
../Src/main.c:197:6:delay_ms	24	static,ignoring_inline_asm
../Src/main.c:209:6:Optocoupler_Init	8	static
../Src/main.c:248:6:Optocoupler_AllOff	4	static
../Src/main.c:260:6:Optocoupler_Set	16	static
../Src/main.c:288:6:Solenoid_Opto_Init	8	static
../Src/main.c:305:6:Solenoid_Opto_Off	4	static
../Src/main.c:311:6:Solenoid_Opto_On	4	static
../Src/main.c:318:6:Solenoid_Opto_Pulse	16	static
../Src/main.c:327:6:HBridge_Opto_Init	8	static
../Src/main.c:351:6:HBridge_Opto_Off	4	static
../Src/main.c:358:6:HBridge_Opto1_On	4	static
../Src/main.c:364:6:HBridge_Opto1_Off	4	static
../Src/main.c:370:6:HBridge_Opto2_On	4	static
../Src/main.c:376:6:HBridge_Opto2_Off	4	static
../Src/main.c:382:6:HBridge_Opto1_Pulse	16	static
../Src/main.c:390:6:HBridge_Opto2_Pulse	16	static
../Src/main.c:400:6:HBridge_GenerateTone	32	static
../Src/main.c:423:6:SoundEffect_Explosion	32	static
../Src/main.c:455:6:SoundEffect_WarningSiren	64	static
../Src/main.c:493:6:SoundEffect_AlertBeep	8	static
../Src/main.c:507:6:Voice_GenerateVowel_PWM	40	static
../Src/main.c:547:6:Voice_GenerateVowel_Sweep	48	static
../Src/main.c:572:6:Voice_GenerateConsonant_PWM	16	static
../Src/main.c:579:6:Voice_Silence	16	static
../Src/main.c:588:6:Voice_AnnounceTitle	24	static
../Src/main.c:686:6:Voice_AnnounceTitle_ThreeTimes	16	static
../Src/main.c:701:6:LED_Strobe_Init	8	static
../Src/main.c:740:6:LED_Strobe_AllOff	4	static
../Src/main.c:750:6:LED_Strobe_AllOn	4	static
../Src/main.c:760:6:LED_Strobe_Flash	24	static
../Src/main.c:778:6:Optocoupler_TestSequence	8	static
../Src/main.c:810:6:delay_us	24	static,ignoring_inline_asm
../Src/main.c:823:6:Speaker_Init	8	static
../Src/main.c:857:6:Speaker_SetFrequency	32	static
../Src/main.c:889:6:Speaker_Stop	4	static
../Src/main.c:897:6:Teletype_Click	8	static
../Src/main.c:1040:6:Play_Katyusha	16	static
../Src/main.c:1065:6:I2C1_Init	8	static
../Src/main.c:1105:13:I2C_WaitFlag	24	static
../Src/main.c:1112:13:I2C_Start	8	static
../Src/main.c:1119:13:I2C_Stop	4	static
../Src/main.c:1125:13:I2C_SendAddress	24	static
../Src/main.c:1134:13:I2C_SendByte	16	static
../Src/main.c:1142:13:pcf8574_write	16	static
../Src/main.c:1152:13:lcd_pulse_enable	16	static
../Src/main.c:1161:13:lcd_write4	16	static
../Src/main.c:1168:13:lcd_send	24	static
../Src/main.c:1179:13:lcd_cmd	16	static
../Src/main.c:1186:13:lcd_data	16	static
../Src/main.c:1192:13:lcd_init	16	static
../Src/main.c:1217:13:lcd_set_cursor	16	static
../Src/main.c:1224:13:lcd_print	16	static
../Src/main.c:1230:13:lcd_clear_line	24	static
../Src/main.c:1241:13:lcd_scroll_up	8	static
../Src/main.c:1254:13:lcd_clear	8	static
../Src/main.c:1261:13:lcd_stream_text	24	static
../Src/main.c:1325:13:lcd_stream_continuous	40	static
../Src/main.c:1413:13:lcd_stream_simple	24	static
../Src/main.c:1529:5:main	32	static
