../Src/main.c:180:6:SystemInit	4	static
../Src/main.c:197:6:delay_ms	24	static,ignoring_inline_asm
../Src/main.c:209:6:Optocoupler_Init	8	static
../Src/main.c:248:6:Optocoupler_AllOff	4	static
../Src/main.c:260:6:Optocoupler_Set	16	static
../Src/main.c:288:6:Solenoid_Opto_Init	8	static
../Src/main.c:305:6:Solenoid_Opto_Off	4	static
../Src/main.c:311:6:Solenoid_Opto_On	4	static
../Src/main.c:318:6:Solenoid_Opto_Pulse	16	static
../Src/main.c:327:6:HBridge_Opto_Init	8	static
../Src/main.c:351:6:HBridge_Opto_Off	4	static
../Src/main.c:358:6:HBridge_Opto1_On	4	static
../Src/main.c:364:6:HBridge_Opto1_Off	4	static
../Src/main.c:370:6:HBridge_Opto2_On	4	static
../Src/main.c:376:6:HBridge_Opto2_Off	4	static
../Src/main.c:382:6:HBridge_Opto1_Pulse	16	static
../Src/main.c:390:6:HBridge_Opto2_Pulse	16	static
../Src/main.c:400:6:HBridge_GenerateTone	32	static
../Src/main.c:423:6:SoundEffect_Explosion	32	static
../Src/main.c:455:6:SoundEffect_WarningSiren	64	static
../Src/main.c:493:6:SoundEffect_AlertBeep	8	static
../Src/main.c:503:6:LED_Strobe_Init	8	static
../Src/main.c:542:6:LED_Strobe_AllOff	4	static
../Src/main.c:552:6:LED_Strobe_AllOn	4	static
../Src/main.c:562:6:LED_Strobe_Flash	24	static
../Src/main.c:580:6:Optocoupler_TestSequence	8	static
../Src/main.c:612:6:delay_us	24	static,ignoring_inline_asm
../Src/main.c:625:6:Speaker_Init	8	static
../Src/main.c:659:6:Speaker_SetFrequency	32	static
../Src/main.c:691:6:Speaker_Stop	4	static
../Src/main.c:699:6:Teletype_Click	8	static
../Src/main.c:842:6:Play_Katyusha	16	static
../Src/main.c:867:6:I2C1_Init	8	static
../Src/main.c:907:13:I2C_WaitFlag	24	static
../Src/main.c:914:13:I2C_Start	8	static
../Src/main.c:921:13:I2C_Stop	4	static
../Src/main.c:927:13:I2C_SendAddress	24	static
../Src/main.c:936:13:I2C_SendByte	16	static
../Src/main.c:944:13:pcf8574_write	16	static
../Src/main.c:954:13:lcd_pulse_enable	16	static
../Src/main.c:963:13:lcd_write4	16	static
../Src/main.c:970:13:lcd_send	24	static
../Src/main.c:981:13:lcd_cmd	16	static
../Src/main.c:988:13:lcd_data	16	static
../Src/main.c:994:13:lcd_init	16	static
../Src/main.c:1019:13:lcd_set_cursor	16	static
../Src/main.c:1026:13:lcd_print	16	static
../Src/main.c:1032:13:lcd_clear_line	24	static
../Src/main.c:1043:13:lcd_scroll_up	8	static
../Src/main.c:1056:13:lcd_clear	8	static
../Src/main.c:1063:13:lcd_stream_text	24	static
../Src/main.c:1127:13:lcd_stream_continuous	40	static
../Src/main.c:1215:13:lcd_stream_simple	24	static
../Src/main.c:1331:5:main	32	static
