../Src/main.c:170:6:SystemInit	4	static
../Src/main.c:187:6:delay_ms	24	static,ignoring_inline_asm
../Src/main.c:199:6:Optocoupler_Init	8	static
../Src/main.c:238:6:Optocoupler_AllOff	4	static
../Src/main.c:250:6:Optocoupler_Set	16	static
../Src/main.c:278:6:LED_Strobe_Init	8	static
../Src/main.c:317:6:LED_Strobe_AllOff	4	static
../Src/main.c:327:6:LED_Strobe_AllOn	4	static
../Src/main.c:337:6:LED_Strobe_Flash	24	static
../Src/main.c:355:6:Optocoupler_TestSequence	8	static
../Src/main.c:385:6:delay_us	24	static,ignoring_inline_asm
../Src/main.c:398:6:Speaker_Init	8	static
../Src/main.c:432:6:Speaker_SetFrequency	32	static
../Src/main.c:464:6:Speaker_Stop	4	static
../Src/main.c:594:6:Play_Katyusha	16	static
../Src/main.c:619:6:I2C1_Init	8	static
../Src/main.c:659:13:I2C_WaitFlag	24	static
../Src/main.c:666:13:I2C_Start	8	static
../Src/main.c:673:13:I2C_Stop	4	static
../Src/main.c:679:13:I2C_SendAddress	24	static
../Src/main.c:688:13:I2C_SendByte	16	static
../Src/main.c:696:13:pcf8574_write	16	static
../Src/main.c:706:13:lcd_pulse_enable	16	static
../Src/main.c:715:13:lcd_write4	16	static
../Src/main.c:722:13:lcd_send	24	static
../Src/main.c:733:13:lcd_cmd	16	static
../Src/main.c:740:13:lcd_data	16	static
../Src/main.c:746:13:lcd_init	16	static
../Src/main.c:771:13:lcd_set_cursor	16	static
../Src/main.c:778:13:lcd_print	16	static
../Src/main.c:784:13:lcd_clear_line	24	static
../Src/main.c:795:13:lcd_scroll_up	8	static
../Src/main.c:808:13:lcd_clear	8	static
../Src/main.c:815:13:lcd_stream_text	24	static
../Src/main.c:879:13:lcd_stream_continuous	40	static
../Src/main.c:967:13:lcd_stream_simple	24	static
../Src/main.c:1083:5:main	24	static
