../Src/main.c:235:6:SystemInit	4	static
../Src/main.c:252:6:delay_ms	24	static,ignoring_inline_asm
../Src/main.c:264:6:Optocoupler_Init	8	static
../Src/main.c:303:6:Optocoupler_AllOff	4	static
../Src/main.c:315:6:Optocoupler_Set	16	static
../Src/main.c:343:6:Solenoid_Opto_Init	8	static
../Src/main.c:360:6:Solenoid_Opto_Off	4	static
../Src/main.c:366:6:Solenoid_Opto_On	4	static
../Src/main.c:373:6:Solenoid_Opto_Pulse	16	static
../Src/main.c:382:6:HBridge_Opto_Init	8	static
../Src/main.c:406:6:HBridge_Opto_Off	4	static
../Src/main.c:413:6:HBridge_Opto1_On	4	static
../Src/main.c:419:6:HBridge_Opto1_Off	4	static
../Src/main.c:425:6:HBridge_Opto2_On	4	static
../Src/main.c:431:6:HBridge_Opto2_Off	4	static
../Src/main.c:437:6:HBridge_Opto1_Pulse	16	static
../Src/main.c:445:6:HBridge_Opto2_Pulse	16	static
../Src/main.c:455:6:HBridge_GenerateTone	32	static
../Src/main.c:478:6:SoundEffect_Explosion	32	static
../Src/main.c:510:6:SoundEffect_WarningSiren	64	static
../Src/main.c:548:6:SoundEffect_AlertBeep	8	static
../Src/main.c:560:6:VibrationSensor_Init	4	static
../Src/main.c:629:6:Buzzer_Init	8	static
../Src/main.c:646:6:Buzzer_Off	4	static
../Src/main.c:652:6:Buzzer_On	4	static
../Src/main.c:658:6:Buzzer_GenerateTone	32	static
../Src/main.c:680:6:Buzzer_WarningSiren	64	static
../Src/main.c:721:6:Speaker_HighPitchedTone	16	static
../Src/main.c:739:13:VictoryTrumpet	8	static
../Src/main.c:754:13:FlashMessageOnOff	32	static
../Src/main.c:781:13:RunRandomVibrationEffect	16	static
../Src/main.c:807:6:VibrationGame_ResetCounter	4	static
../Src/main.c:813:13:VibrationGame_OnTrigger	24	static
../Src/main.c:845:6:VibrationAlert_DisplayLCD	16	static
../Src/main.c:865:6:EXTI0_IRQHandler	8	static
../Src/main.c:877:6:EXTI1_IRQHandler	8	static
../Src/main.c:889:6:EXTI2_IRQHandler	8	static
../Src/main.c:901:6:EXTI3_IRQHandler	8	static
../Src/main.c:918:6:Voice_GenerateVowel_PWM	40	static
../Src/main.c:951:6:Voice_GenerateVowel_Sweep	48	static
../Src/main.c:972:6:Voice_GenerateConsonant_PWM	16	static
../Src/main.c:978:6:Voice_Silence	16	static
../Src/main.c:987:6:Voice_AnnounceTitle	24	static
../Src/main.c:1085:6:Voice_AnnounceTitle_ThreeTimes	16	static
../Src/main.c:1100:6:LED_Strobe_Init	8	static
../Src/main.c:1139:6:LED_Strobe_AllOff	4	static
../Src/main.c:1149:6:LED_Strobe_AllOn	4	static
../Src/main.c:1159:6:LED_Strobe_Flash	24	static
../Src/main.c:1176:6:LED_Strobe_Chaser	32	static
../Src/main.c:1220:6:Diagnostic_TestOutputs	8	static
../Src/main.c:1269:6:Optocoupler_TestSequence	8	static
../Src/main.c:1274:6:delay_us	24	static,ignoring_inline_asm
../Src/main.c:1287:6:Speaker_Init	8	static
../Src/main.c:1321:6:Speaker_SetFrequency	32	static
../Src/main.c:1353:6:Speaker_Stop	4	static
../Src/main.c:1361:6:Teletype_Click	8	static
../Src/main.c:1504:6:Play_Katyusha	16	static
../Src/main.c:1529:6:I2C1_Init	8	static
../Src/main.c:1569:13:I2C_WaitFlag	24	static
../Src/main.c:1576:13:I2C_Start	8	static
../Src/main.c:1583:13:I2C_Stop	4	static
../Src/main.c:1589:13:I2C_SendAddress	24	static
../Src/main.c:1598:13:I2C_SendByte	16	static
../Src/main.c:1606:13:pcf8574_write	16	static
../Src/main.c:1616:13:lcd_pulse_enable	16	static
../Src/main.c:1625:13:lcd_write4	16	static
../Src/main.c:1632:13:lcd_send	24	static
../Src/main.c:1643:13:lcd_cmd	16	static
../Src/main.c:1650:6:lcd_data	16	static
../Src/main.c:1656:13:lcd_init	16	static
../Src/main.c:1681:6:lcd_set_cursor	16	static
../Src/main.c:1688:6:lcd_print	16	static
../Src/main.c:1694:13:lcd_clear_line	24	static
../Src/main.c:1705:13:lcd_scroll_up	8	static
../Src/main.c:1718:6:lcd_clear	8	static
../Src/main.c:1725:13:lcd_stream_text	24	static
../Src/main.c:1789:13:lcd_stream_continuous	40	static
../Src/main.c:1877:13:lcd_stream_simple	24	static
../Src/main.c:1993:5:main	32	static
