../Src/main.c:117:6:SystemInit	4	static
../Src/main.c:134:6:delay_ms	24	static,ignoring_inline_asm
../Src/main.c:144:6:delay_us	24	static,ignoring_inline_asm
../Src/main.c:154:6:I2C1_Init	8	static
../Src/main.c:194:13:I2C_WaitFlag	24	static
../Src/main.c:201:13:I2C_Start	8	static
../Src/main.c:208:13:I2C_Stop	4	static
../Src/main.c:214:13:I2C_SendAddress	24	static
../Src/main.c:223:13:I2C_SendByte	16	static
../Src/main.c:231:13:pcf8574_write	16	static
../Src/main.c:241:13:lcd_pulse_enable	16	static
../Src/main.c:250:13:lcd_write4	16	static
../Src/main.c:257:13:lcd_send	24	static
../Src/main.c:268:13:lcd_cmd	16	static
../Src/main.c:275:13:lcd_data	16	static
../Src/main.c:281:13:lcd_init	16	static
../Src/main.c:306:13:lcd_set_cursor	16	static
../Src/main.c:313:13:lcd_print	16	static
../Src/main.c:318:5:main	16	static
