../Src/main.c:242:6:SystemInit	4	static
../Src/main.c:259:6:delay_ms	24	static,ignoring_inline_asm
../Src/main.c:271:6:Optocoupler_Init	8	static
../Src/main.c:310:6:Optocoupler_AllOff	4	static
../Src/main.c:322:6:Optocoupler_Set	16	static
../Src/main.c:350:6:Solenoid_Opto_Init	8	static
../Src/main.c:367:6:Solenoid_Opto_Off	4	static
../Src/main.c:373:6:Solenoid_Opto_On	4	static
../Src/main.c:380:6:Solenoid_Opto_Pulse	16	static
../Src/main.c:389:6:HBridge_Opto_Init	8	static
../Src/main.c:413:6:HBridge_Opto_Off	4	static
../Src/main.c:420:6:HBridge_Opto1_On	4	static
../Src/main.c:426:6:HBridge_Opto1_Off	4	static
../Src/main.c:432:6:HBridge_Opto2_On	4	static
../Src/main.c:438:6:HBridge_Opto2_Off	4	static
../Src/main.c:444:6:HBridge_Opto1_Pulse	16	static
../Src/main.c:452:6:HBridge_Opto2_Pulse	16	static
../Src/main.c:462:6:HBridge_GenerateTone	32	static
../Src/main.c:485:6:SoundEffect_Explosion	32	static
../Src/main.c:517:6:SoundEffect_WarningSiren	64	static
../Src/main.c:555:6:SoundEffect_AlertBeep	8	static
../Src/main.c:575:6:VibrationSensor_Init	4	static
../Src/main.c:630:6:Buzzer_Init	8	static
../Src/main.c:647:6:Buzzer_Off	4	static
../Src/main.c:653:6:Buzzer_On	4	static
../Src/main.c:659:6:Buzzer_GenerateTone	32	static
../Src/main.c:681:6:Buzzer_WarningSiren	64	static
../Src/main.c:722:6:Speaker_HighPitchedTone	16	static
../Src/main.c:742:13:VictoryTrumpet	8	static
../Src/main.c:757:13:FlashMessageOnOff	32	static
../Src/main.c:784:13:RunRandomVibrationEffect	16	static
../Src/main.c:812:6:VibrationGame_ResetCounter	4	static
../Src/main.c:818:13:VibrationGame_OnTrigger	24	static
../Src/main.c:855:6:VibrationAlert_DisplayLCD	16	static
../Src/main.c:876:6:EXTI0_IRQHandler	4	static
../Src/main.c:889:6:EXTI1_IRQHandler	4	static
../Src/main.c:902:6:EXTI2_IRQHandler	4	static
../Src/main.c:915:6:EXTI3_IRQHandler	4	static
../Src/main.c:933:6:Voice_GenerateVowel_PWM	40	static
../Src/main.c:966:6:Voice_GenerateVowel_Sweep	48	static
../Src/main.c:987:6:Voice_GenerateConsonant_PWM	16	static
../Src/main.c:993:6:Voice_Silence	16	static
../Src/main.c:1002:6:Voice_AnnounceTitle	24	static
../Src/main.c:1100:6:Voice_AnnounceTitle_ThreeTimes	16	static
../Src/main.c:1115:6:LED_Strobe_Init	8	static
../Src/main.c:1154:6:LED_Strobe_AllOff	4	static
../Src/main.c:1164:6:LED_Strobe_AllOn	4	static
../Src/main.c:1174:6:LED_Strobe_Flash	24	static
../Src/main.c:1191:6:LED_Strobe_Chaser	32	static
../Src/main.c:1234:6:LED_Sine_Init	8	static
../Src/main.c:1266:13:LED_Sine_AllOff	4	static
../Src/main.c:1275:13:LED_Sine_On	16	static
../Src/main.c:1287:13:LED_Sine_Off	16	static
../Src/main.c:1300:6:LED_SineBrightnessPulse	56	static
../Src/main.c:1326:6:LED_SineBrightnessPulse_Random	16	static
../Src/main.c:1334:6:Diagnostic_PB13_PB14_SolenoidTrigger	16	static
../Src/main.c:1387:6:Diagnostic_TestOutputs	8	static
../Src/main.c:1436:6:Optocoupler_TestSequence	8	static
../Src/main.c:1441:6:delay_us	24	static,ignoring_inline_asm
../Src/main.c:1454:6:Speaker_Init	8	static
../Src/main.c:1488:6:Speaker_SetFrequency	32	static
../Src/main.c:1520:6:Speaker_Stop	4	static
../Src/main.c:1528:6:Teletype_Click	8	static
../Src/main.c:1671:6:Play_Katyusha	16	static
../Src/main.c:1696:6:I2C1_Init	8	static
../Src/main.c:1736:13:I2C_WaitFlag	24	static
../Src/main.c:1743:13:I2C_Start	8	static
../Src/main.c:1750:13:I2C_Stop	4	static
../Src/main.c:1756:13:I2C_SendAddress	24	static
../Src/main.c:1765:13:I2C_SendByte	16	static
../Src/main.c:1773:13:pcf8574_write	16	static
../Src/main.c:1783:13:lcd_pulse_enable	16	static
../Src/main.c:1792:13:lcd_write4	16	static
../Src/main.c:1799:13:lcd_send	24	static
../Src/main.c:1810:13:lcd_cmd	16	static
../Src/main.c:1817:6:lcd_data	16	static
../Src/main.c:1823:13:lcd_init	16	static
../Src/main.c:1848:6:lcd_set_cursor	16	static
../Src/main.c:1855:6:lcd_print	16	static
../Src/main.c:1861:13:lcd_clear_line	24	static
../Src/main.c:1872:13:lcd_scroll_up	8	static
../Src/main.c:1885:6:lcd_clear	8	static
../Src/main.c:1892:13:lcd_stream_text	24	static
../Src/main.c:1956:13:lcd_stream_continuous	40	static
../Src/main.c:2044:13:lcd_stream_simple	24	static
../Src/main.c:2160:5:main	32	static
