../Src/main.c:175:6:SystemInit	4	static
../Src/main.c:192:6:delay_ms	24	static,ignoring_inline_asm
../Src/main.c:204:6:Optocoupler_Init	8	static
../Src/main.c:243:6:Optocoupler_AllOff	4	static
../Src/main.c:255:6:Optocoupler_Set	16	static
../Src/main.c:283:6:Solenoid_Opto_Init	8	static
../Src/main.c:300:6:Solenoid_Opto_Off	4	static
../Src/main.c:306:6:Solenoid_Opto_On	4	static
../Src/main.c:313:6:Solenoid_Opto_Pulse	16	static
../Src/main.c:322:6:LED_Strobe_Init	8	static
../Src/main.c:361:6:LED_Strobe_AllOff	4	static
../Src/main.c:371:6:LED_Strobe_AllOn	4	static
../Src/main.c:381:6:LED_Strobe_Flash	24	static
../Src/main.c:399:6:Optocoupler_TestSequence	8	static
../Src/main.c:429:6:delay_us	24	static,ignoring_inline_asm
../Src/main.c:442:6:Speaker_Init	8	static
../Src/main.c:476:6:Speaker_SetFrequency	32	static
../Src/main.c:508:6:Speaker_Stop	4	static
../Src/main.c:516:6:Teletype_Click	8	static
../Src/main.c:659:6:Play_Katyusha	16	static
../Src/main.c:684:6:I2C1_Init	8	static
../Src/main.c:724:13:I2C_WaitFlag	24	static
../Src/main.c:731:13:I2C_Start	8	static
../Src/main.c:738:13:I2C_Stop	4	static
../Src/main.c:744:13:I2C_SendAddress	24	static
../Src/main.c:753:13:I2C_SendByte	16	static
../Src/main.c:761:13:pcf8574_write	16	static
../Src/main.c:771:13:lcd_pulse_enable	16	static
../Src/main.c:780:13:lcd_write4	16	static
../Src/main.c:787:13:lcd_send	24	static
../Src/main.c:798:13:lcd_cmd	16	static
../Src/main.c:805:13:lcd_data	16	static
../Src/main.c:811:13:lcd_init	16	static
../Src/main.c:836:13:lcd_set_cursor	16	static
../Src/main.c:843:13:lcd_print	16	static
../Src/main.c:849:13:lcd_clear_line	24	static
../Src/main.c:860:13:lcd_scroll_up	8	static
../Src/main.c:873:13:lcd_clear	8	static
../Src/main.c:880:13:lcd_stream_text	24	static
../Src/main.c:944:13:lcd_stream_continuous	40	static
../Src/main.c:1032:13:lcd_stream_simple	24	static
../Src/main.c:1148:5:main	32	static
