../Src/main.c:163:6:SystemInit	4	static
../Src/main.c:180:6:delay_ms	24	static,ignoring_inline_asm
../Src/main.c:192:6:Optocoupler_Init	8	static
../Src/main.c:231:6:Optocoupler_AllOff	4	static
../Src/main.c:243:6:Optocoupler_Set	16	static
../Src/main.c:271:6:Optocoupler_TestSequence	8	static
../Src/main.c:299:6:delay_us	24	static,ignoring_inline_asm
../Src/main.c:312:6:Speaker_Init	8	static
../Src/main.c:346:6:Speaker_SetFrequency	32	static
../Src/main.c:378:6:Speaker_Stop	4	static
../Src/main.c:508:6:Play_Katyusha	16	static
../Src/main.c:533:6:I2C1_Init	8	static
../Src/main.c:573:13:I2C_WaitFlag	24	static
../Src/main.c:580:13:I2C_Start	8	static
../Src/main.c:587:13:I2C_Stop	4	static
../Src/main.c:593:13:I2C_SendAddress	24	static
../Src/main.c:602:13:I2C_SendByte	16	static
../Src/main.c:610:13:pcf8574_write	16	static
../Src/main.c:620:13:lcd_pulse_enable	16	static
../Src/main.c:629:13:lcd_write4	16	static
../Src/main.c:636:13:lcd_send	24	static
../Src/main.c:647:13:lcd_cmd	16	static
../Src/main.c:654:13:lcd_data	16	static
../Src/main.c:660:13:lcd_init	16	static
../Src/main.c:685:13:lcd_set_cursor	16	static
../Src/main.c:692:13:lcd_print	16	static
../Src/main.c:698:13:lcd_clear_line	24	static
../Src/main.c:709:13:lcd_scroll_up	8	static
../Src/main.c:722:13:lcd_clear	8	static
../Src/main.c:729:13:lcd_stream_text	24	static
../Src/main.c:793:13:lcd_stream_continuous	40	static
../Src/main.c:881:13:lcd_stream_simple	24	static
../Src/main.c:997:5:main	24	static
